#-----------------------------------------------------------
# Vivado v2017.4.1 (64-bit)
# SW Build 2117270 on Tue Jan 30 15:32:00 MST 2018
# IP Build 2095745 on Tue Jan 30 17:13:15 MST 2018
# Start of session at: Thu Sep 12 21:41:58 2019
# Process ID: 15064
# Current directory: C:/Users/Zach/Documents/GradSchool/Fall_2019/EN525.742_SOC_Design_Lab/EN525.742_Project_2
# Command line: vivado.exe -gui_launcher_event rodinguilauncherevent13976 C:\Users\Zach\Documents\GradSchool\Fall_2019\EN525.742_SOC_Design_Lab\EN525.742_Project_2\project_2.xpr
# Log file: C:/Users/Zach/Documents/GradSchool/Fall_2019/EN525.742_SOC_Design_Lab/EN525.742_Project_2/vivado.log
# Journal file: C:/Users/Zach/Documents/GradSchool/Fall_2019/EN525.742_SOC_Design_Lab/EN525.742_Project_2\vivado.jou
#-----------------------------------------------------------
start_gui
open_project C:/Users/Zach/Documents/GradSchool/Fall_2019/EN525.742_SOC_Design_Lab/EN525.742_Project_2/project_2.xpr
update_compile_order -fileset sources_1
write_hwdef -force  -file C:/Users/Zach/Documents/GradSchool/Fall_2019/EN525.742_SOC_Design_Lab/EN525.742_Project_2/project_2.sdk/project2_top.hdf
open_hw
