21:08:17 **** Incremental Build of configuration Debug for project project2 ****
make all 
make: Nothing to be done for `all'.
21:08:19 **** Incremental Build of configuration Debug for project project2 ****
make all 
make: Nothing to be done for `all'.
21:08:19 **** Incremental Build of configuration Debug for project project2_bsp_xspi_intr_example_1 ****
make all 
'Building file: ../src/xspi_intr_example.c'
'Invoking: MicroBlaze gcc compiler'
mb-gcc -Wall -O0 -g3 -c -fmessage-length=0 -MT"src/xspi_intr_example.o" -I../../project2_bsp/microblaze_0/include -mlittle-endian -mcpu=v10.0 -mxl-soft-mul -Wl,--no-relax -ffunction-sections -fdata-sections -MMD -MP -MF"src/xspi_intr_example.d" -MT"src/xspi_intr_example.o" -o "src/xspi_intr_example.o" "../src/xspi_intr_example.c"
../src/xspi_intr_example.c:77:22: fatal error: xscugic.h: No such file or directory
  #include "xscugic.h"
                      ^
compilation terminated.
make: *** [src/xspi_intr_example.o] Error 1
21:08:20 **** Incremental Build of configuration Debug for project project2_bsp_xspi_polled_example_1 ****
make all 
make: Nothing to be done for `all'.
21:08:20 **** Incremental Build of configuration Debug for project project2_bsp_xspi_selftest_example_1 ****
make all 
make: Nothing to be done for `all'.
21:08:20 **** Incremental Build of configuration Debug for project project2_bsp_xspi_slave_polled_example_1 ****
make all 
make: Nothing to be done for `all'.
21:08:21 **** Incremental Build of configuration Debug for project project2_bsp_xuartlite_intr_tapp_example_1 ****
make all 
'Building file: ../src/xuartlite_intr_tapp_example.c'
'Invoking: MicroBlaze gcc compiler'
mb-gcc -Wall -O0 -g3 -c -fmessage-length=0 -MT"src/xuartlite_intr_tapp_example.o" -I../../project2_bsp/microblaze_0/include -mlittle-endian -mcpu=v10.0 -mxl-soft-mul -Wl,--no-relax -ffunction-sections -fdata-sections -MMD -MP -MF"src/xuartlite_intr_tapp_example.d" -MT"src/xuartlite_intr_tapp_example.o" -o "src/xuartlite_intr_tapp_example.o" "../src/xuartlite_intr_tapp_example.c"
../src/xuartlite_intr_tapp_example.c:71:21: fatal error: xscugic.h: No such file or directory
 #include "xscugic.h"
                     ^
compilation terminated.
make: *** [src/xuartlite_intr_tapp_example.o] Error 1
21:09:35 **** Auto Build of configuration Debug for project project2 ****
make all 
'Building file: ../src/serial_audio_lib.c'
'Invoking: MicroBlaze gcc compiler'
mb-gcc -Wall -O0 -g3 -c -fmessage-length=0 -MT"src/serial_audio_lib.o" -I../../project2_bsp/microblaze_0/include -mlittle-endian -mcpu=v10.0 -mxl-soft-mul -Wl,--no-relax -ffunction-sections -fdata-sections -MMD -MP -MF"src/serial_audio_lib.d" -MT"src/serial_audio_lib.o" -o "src/serial_audio_lib.o" "../src/serial_audio_lib.c"
'Finished building: ../src/serial_audio_lib.c'
' '
'Building target: project2.elf'
'Invoking: MicroBlaze gcc linker'
mb-gcc -Wl,-T -Wl,../src/lscript.ld -L../../project2_bsp/microblaze_0/lib -mlittle-endian -mcpu=v10.0 -mxl-soft-mul -Wl,--no-relax -Wl,--gc-sections -o "project2.elf"  ./src/audio_fifo.o ./src/codec.o ./src/main.o ./src/platform.o ./src/serial_audio_lib.o   -Wl,--start-group,-lxil,-lgcc,-lc,--end-group
'Finished building target: project2.elf'
' '
'Invoking: MicroBlaze Print Size'
mb-size project2.elf  |tee "project2.elf.size"
   text	   data	    bss	    dec	    hex	filename
  26008	   1312	  19560	  46880	   b720	project2.elf
'Finished building: project2.elf.size'
' '
21:09:38 **** Incremental Build of configuration Debug for project project2 ****
make all 
make: Nothing to be done for `all'.
21:09:38 **** Incremental Build of configuration Debug for project project2_bsp_xspi_intr_example_1 ****
make all 
'Building file: ../src/xspi_intr_example.c'
'Invoking: MicroBlaze gcc compiler'
mb-gcc -Wall -O0 -g3 -c -fmessage-length=0 -MT"src/xspi_intr_example.o" -I../../project2_bsp/microblaze_0/include -mlittle-endian -mcpu=v10.0 -mxl-soft-mul -Wl,--no-relax -ffunction-sections -fdata-sections -MMD -MP -MF"src/xspi_intr_example.d" -MT"src/xspi_intr_example.o" -o "src/xspi_intr_example.o" "../src/xspi_intr_example.c"
../src/xspi_intr_example.c:77:22: fatal error: xscugic.h: No such file or directory
  #include "xscugic.h"
                      ^
compilation terminated.
make: *** [src/xspi_intr_example.o] Error 1
21:09:39 **** Incremental Build of configuration Debug for project project2_bsp_xspi_polled_example_1 ****
make all 
make: Nothing to be done for `all'.
21:09:39 **** Incremental Build of configuration Debug for project project2_bsp_xspi_selftest_example_1 ****
make all 
make: Nothing to be done for `all'.
21:09:39 **** Incremental Build of configuration Debug for project project2_bsp_xspi_slave_polled_example_1 ****
make all 
make: Nothing to be done for `all'.
21:09:40 **** Incremental Build of configuration Debug for project project2_bsp_xuartlite_intr_tapp_example_1 ****
make all 
'Building file: ../src/xuartlite_intr_tapp_example.c'
'Invoking: MicroBlaze gcc compiler'
mb-gcc -Wall -O0 -g3 -c -fmessage-length=0 -MT"src/xuartlite_intr_tapp_example.o" -I../../project2_bsp/microblaze_0/include -mlittle-endian -mcpu=v10.0 -mxl-soft-mul -Wl,--no-relax -ffunction-sections -fdata-sections -MMD -MP -MF"src/xuartlite_intr_tapp_example.d" -MT"src/xuartlite_intr_tapp_example.o" -o "src/xuartlite_intr_tapp_example.o" "../src/xuartlite_intr_tapp_example.c"
../src/xuartlite_intr_tapp_example.c:71:21: fatal error: xscugic.h: No such file or directory
 #include "xscugic.h"
                     ^
compilation terminated.
make: *** [src/xuartlite_intr_tapp_example.o] Error 1
21:10:13 **** Auto Build of configuration Debug for project project2 ****
make all 
'Building file: ../src/serial_audio_lib.c'
'Invoking: MicroBlaze gcc compiler'
mb-gcc -Wall -O0 -g3 -c -fmessage-length=0 -MT"src/serial_audio_lib.o" -I../../project2_bsp/microblaze_0/include -mlittle-endian -mcpu=v10.0 -mxl-soft-mul -Wl,--no-relax -ffunction-sections -fdata-sections -MMD -MP -MF"src/serial_audio_lib.d" -MT"src/serial_audio_lib.o" -o "src/serial_audio_lib.o" "../src/serial_audio_lib.c"
'Finished building: ../src/serial_audio_lib.c'
' '
'Building target: project2.elf'
'Invoking: MicroBlaze gcc linker'
mb-gcc -Wl,-T -Wl,../src/lscript.ld -L../../project2_bsp/microblaze_0/lib -mlittle-endian -mcpu=v10.0 -mxl-soft-mul -Wl,--no-relax -Wl,--gc-sections -o "project2.elf"  ./src/audio_fifo.o ./src/codec.o ./src/main.o ./src/platform.o ./src/serial_audio_lib.o   -Wl,--start-group,-lxil,-lgcc,-lc,--end-group
'Finished building target: project2.elf'
' '
'Invoking: MicroBlaze Print Size'
mb-size project2.elf  |tee "project2.elf.size"
   text	   data	    bss	    dec	    hex	filename
  26008	   1312	  19560	  46880	   b720	project2.elf
'Finished building: project2.elf.size'
' '
21:10:20 **** Incremental Build of configuration Debug for project project2 ****
make all 
make: Nothing to be done for `all'.
21:10:20 **** Incremental Build of configuration Debug for project project2_bsp_xspi_intr_example_1 ****
make all 
'Building file: ../src/xspi_intr_example.c'
'Invoking: MicroBlaze gcc compiler'
mb-gcc -Wall -O0 -g3 -c -fmessage-length=0 -MT"src/xspi_intr_example.o" -I../../project2_bsp/microblaze_0/include -mlittle-endian -mcpu=v10.0 -mxl-soft-mul -Wl,--no-relax -ffunction-sections -fdata-sections -MMD -MP -MF"src/xspi_intr_example.d" -MT"src/xspi_intr_example.o" -o "src/xspi_intr_example.o" "../src/xspi_intr_example.c"
../src/xspi_intr_example.c:77:22: fatal error: xscugic.h: No such file or directory
  #include "xscugic.h"
                      ^
compilation terminated.
make: *** [src/xspi_intr_example.o] Error 1
21:10:20 **** Incremental Build of configuration Debug for project project2_bsp_xspi_polled_example_1 ****
make all 
make: Nothing to be done for `all'.
21:10:21 **** Incremental Build of configuration Debug for project project2_bsp_xspi_selftest_example_1 ****
make all 
make: Nothing to be done for `all'.
21:10:21 **** Incremental Build of configuration Debug for project project2_bsp_xspi_slave_polled_example_1 ****
make all 
make: Nothing to be done for `all'.
21:10:21 **** Incremental Build of configuration Debug for project project2_bsp_xuartlite_intr_tapp_example_1 ****
make all 
'Building file: ../src/xuartlite_intr_tapp_example.c'
'Invoking: MicroBlaze gcc compiler'
mb-gcc -Wall -O0 -g3 -c -fmessage-length=0 -MT"src/xuartlite_intr_tapp_example.o" -I../../project2_bsp/microblaze_0/include -mlittle-endian -mcpu=v10.0 -mxl-soft-mul -Wl,--no-relax -ffunction-sections -fdata-sections -MMD -MP -MF"src/xuartlite_intr_tapp_example.d" -MT"src/xuartlite_intr_tapp_example.o" -o "src/xuartlite_intr_tapp_example.o" "../src/xuartlite_intr_tapp_example.c"
../src/xuartlite_intr_tapp_example.c:71:21: fatal error: xscugic.h: No such file or directory
 #include "xscugic.h"
                     ^
compilation terminated.
make: *** [src/xuartlite_intr_tapp_example.o] Error 1
21:11:10 **** Auto Build of configuration Debug for project project2 ****
make all 
'Building file: ../src/serial_audio_lib.c'
'Invoking: MicroBlaze gcc compiler'
mb-gcc -Wall -O0 -g3 -c -fmessage-length=0 -MT"src/serial_audio_lib.o" -I../../project2_bsp/microblaze_0/include -mlittle-endian -mcpu=v10.0 -mxl-soft-mul -Wl,--no-relax -ffunction-sections -fdata-sections -MMD -MP -MF"src/serial_audio_lib.d" -MT"src/serial_audio_lib.o" -o "src/serial_audio_lib.o" "../src/serial_audio_lib.c"
'Finished building: ../src/serial_audio_lib.c'
' '
'Building target: project2.elf'
'Invoking: MicroBlaze gcc linker'
mb-gcc -Wl,-T -Wl,../src/lscript.ld -L../../project2_bsp/microblaze_0/lib -mlittle-endian -mcpu=v10.0 -mxl-soft-mul -Wl,--no-relax -Wl,--gc-sections -o "project2.elf"  ./src/audio_fifo.o ./src/codec.o ./src/main.o ./src/platform.o ./src/serial_audio_lib.o   -Wl,--start-group,-lxil,-lgcc,-lc,--end-group
'Finished building target: project2.elf'
' '
'Invoking: MicroBlaze Print Size'
mb-size project2.elf  |tee "project2.elf.size"
   text	   data	    bss	    dec	    hex	filename
  25924	   1312	  19564	  46800	   b6d0	project2.elf
'Finished building: project2.elf.size'
' '
21:11:21 **** Incremental Build of configuration Debug for project project2 ****
make all 
make: Nothing to be done for `all'.
21:11:22 **** Incremental Build of configuration Debug for project project2_bsp_xspi_intr_example_1 ****
make all 
'Building file: ../src/xspi_intr_example.c'
'Invoking: MicroBlaze gcc compiler'
mb-gcc -Wall -O0 -g3 -c -fmessage-length=0 -MT"src/xspi_intr_example.o" -I../../project2_bsp/microblaze_0/include -mlittle-endian -mcpu=v10.0 -mxl-soft-mul -Wl,--no-relax -ffunction-sections -fdata-sections -MMD -MP -MF"src/xspi_intr_example.d" -MT"src/xspi_intr_example.o" -o "src/xspi_intr_example.o" "../src/xspi_intr_example.c"
../src/xspi_intr_example.c:77:22: fatal error: xscugic.h: No such file or directory
  #include "xscugic.h"
                      ^
compilation terminated.
make: *** [src/xspi_intr_example.o] Error 1
21:11:22 **** Incremental Build of configuration Debug for project project2_bsp_xspi_polled_example_1 ****
make all 
make: Nothing to be done for `all'.
21:11:22 **** Incremental Build of configuration Debug for project project2_bsp_xspi_selftest_example_1 ****
make all 
make: Nothing to be done for `all'.
21:11:23 **** Incremental Build of configuration Debug for project project2_bsp_xspi_slave_polled_example_1 ****
make all 
make: Nothing to be done for `all'.
21:11:23 **** Incremental Build of configuration Debug for project project2_bsp_xuartlite_intr_tapp_example_1 ****
make all 
'Building file: ../src/xuartlite_intr_tapp_example.c'
'Invoking: MicroBlaze gcc compiler'
mb-gcc -Wall -O0 -g3 -c -fmessage-length=0 -MT"src/xuartlite_intr_tapp_example.o" -I../../project2_bsp/microblaze_0/include -mlittle-endian -mcpu=v10.0 -mxl-soft-mul -Wl,--no-relax -ffunction-sections -fdata-sections -MMD -MP -MF"src/xuartlite_intr_tapp_example.d" -MT"src/xuartlite_intr_tapp_example.o" -o "src/xuartlite_intr_tapp_example.o" "../src/xuartlite_intr_tapp_example.c"
../src/xuartlite_intr_tapp_example.c:71:21: fatal error: xscugic.h: No such file or directory
 #include "xscugic.h"
                     ^
compilation terminated.
make: *** [src/xuartlite_intr_tapp_example.o] Error 1
21:12:07 **** Auto Build of configuration Debug for project project2 ****
make all 
'Building file: ../src/serial_audio_lib.c'
'Invoking: MicroBlaze gcc compiler'
mb-gcc -Wall -O0 -g3 -c -fmessage-length=0 -MT"src/serial_audio_lib.o" -I../../project2_bsp/microblaze_0/include -mlittle-endian -mcpu=v10.0 -mxl-soft-mul -Wl,--no-relax -ffunction-sections -fdata-sections -MMD -MP -MF"src/serial_audio_lib.d" -MT"src/serial_audio_lib.o" -o "src/serial_audio_lib.o" "../src/serial_audio_lib.c"
'Finished building: ../src/serial_audio_lib.c'
' '
'Building target: project2.elf'
'Invoking: MicroBlaze gcc linker'
mb-gcc -Wl,-T -Wl,../src/lscript.ld -L../../project2_bsp/microblaze_0/lib -mlittle-endian -mcpu=v10.0 -mxl-soft-mul -Wl,--no-relax -Wl,--gc-sections -o "project2.elf"  ./src/audio_fifo.o ./src/codec.o ./src/main.o ./src/platform.o ./src/serial_audio_lib.o   -Wl,--start-group,-lxil,-lgcc,-lc,--end-group
'Finished building target: project2.elf'
' '
'Invoking: MicroBlaze Print Size'
mb-size project2.elf  |tee "project2.elf.size"
   text	   data	    bss	    dec	    hex	filename
  25924	   1312	  19564	  46800	   b6d0	project2.elf
'Finished building: project2.elf.size'
' '
21:14:04 **** Auto Build of configuration Debug for project project2 ****
make all 
'Building file: ../src/serial_audio_lib.c'
'Invoking: MicroBlaze gcc compiler'
mb-gcc -Wall -O0 -g3 -c -fmessage-length=0 -MT"src/serial_audio_lib.o" -I../../project2_bsp/microblaze_0/include -mlittle-endian -mcpu=v10.0 -mxl-soft-mul -Wl,--no-relax -ffunction-sections -fdata-sections -MMD -MP -MF"src/serial_audio_lib.d" -MT"src/serial_audio_lib.o" -o "src/serial_audio_lib.o" "../src/serial_audio_lib.c"
'Finished building: ../src/serial_audio_lib.c'
' '
'Building target: project2.elf'
'Invoking: MicroBlaze gcc linker'
mb-gcc -Wl,-T -Wl,../src/lscript.ld -L../../project2_bsp/microblaze_0/lib -mlittle-endian -mcpu=v10.0 -mxl-soft-mul -Wl,--no-relax -Wl,--gc-sections -o "project2.elf"  ./src/audio_fifo.o ./src/codec.o ./src/main.o ./src/platform.o ./src/serial_audio_lib.o   -Wl,--start-group,-lxil,-lgcc,-lc,--end-group
'Finished building target: project2.elf'
' '
'Invoking: MicroBlaze Print Size'
mb-size project2.elf  |tee "project2.elf.size"
   text	   data	    bss	    dec	    hex	filename
  25920	   1312	  19560	  46792	   b6c8	project2.elf
'Finished building: project2.elf.size'
' '
21:14:10 **** Incremental Build of configuration Debug for project project2 ****
make all 
make: Nothing to be done for `all'.
21:14:11 **** Incremental Build of configuration Debug for project project2_bsp_xspi_intr_example_1 ****
make all 
'Building file: ../src/xspi_intr_example.c'
'Invoking: MicroBlaze gcc compiler'
mb-gcc -Wall -O0 -g3 -c -fmessage-length=0 -MT"src/xspi_intr_example.o" -I../../project2_bsp/microblaze_0/include -mlittle-endian -mcpu=v10.0 -mxl-soft-mul -Wl,--no-relax -ffunction-sections -fdata-sections -MMD -MP -MF"src/xspi_intr_example.d" -MT"src/xspi_intr_example.o" -o "src/xspi_intr_example.o" "../src/xspi_intr_example.c"
../src/xspi_intr_example.c:77:22: fatal error: xscugic.h: No such file or directory
  #include "xscugic.h"
                      ^
compilation terminated.
make: *** [src/xspi_intr_example.o] Error 1
21:14:11 **** Incremental Build of configuration Debug for project project2_bsp_xspi_polled_example_1 ****
make all 
make: Nothing to be done for `all'.
21:14:11 **** Incremental Build of configuration Debug for project project2_bsp_xspi_selftest_example_1 ****
make all 
make: Nothing to be done for `all'.
21:14:12 **** Incremental Build of configuration Debug for project project2_bsp_xspi_slave_polled_example_1 ****
make all 
make: Nothing to be done for `all'.
21:14:12 **** Incremental Build of configuration Debug for project project2_bsp_xuartlite_intr_tapp_example_1 ****
make all 
'Building file: ../src/xuartlite_intr_tapp_example.c'
'Invoking: MicroBlaze gcc compiler'
mb-gcc -Wall -O0 -g3 -c -fmessage-length=0 -MT"src/xuartlite_intr_tapp_example.o" -I../../project2_bsp/microblaze_0/include -mlittle-endian -mcpu=v10.0 -mxl-soft-mul -Wl,--no-relax -ffunction-sections -fdata-sections -MMD -MP -MF"src/xuartlite_intr_tapp_example.d" -MT"src/xuartlite_intr_tapp_example.o" -o "src/xuartlite_intr_tapp_example.o" "../src/xuartlite_intr_tapp_example.c"
../src/xuartlite_intr_tapp_example.c:71:21: fatal error: xscugic.h: No such file or directory
 #include "xscugic.h"
                     ^
compilation terminated.
make: *** [src/xuartlite_intr_tapp_example.o] Error 1
21:25:59 **** Auto Build of configuration Debug for project project2 ****
make all 
'Building file: ../src/serial_audio_lib.c'
'Invoking: MicroBlaze gcc compiler'
mb-gcc -Wall -O0 -g3 -c -fmessage-length=0 -MT"src/serial_audio_lib.o" -I../../project2_bsp/microblaze_0/include -mlittle-endian -mcpu=v10.0 -mxl-soft-mul -Wl,--no-relax -ffunction-sections -fdata-sections -MMD -MP -MF"src/serial_audio_lib.d" -MT"src/serial_audio_lib.o" -o "src/serial_audio_lib.o" "../src/serial_audio_lib.c"
'Finished building: ../src/serial_audio_lib.c'
' '
'Building target: project2.elf'
'Invoking: MicroBlaze gcc linker'
mb-gcc -Wl,-T -Wl,../src/lscript.ld -L../../project2_bsp/microblaze_0/lib -mlittle-endian -mcpu=v10.0 -mxl-soft-mul -Wl,--no-relax -Wl,--gc-sections -o "project2.elf"  ./src/audio_fifo.o ./src/codec.o ./src/main.o ./src/platform.o ./src/serial_audio_lib.o   -Wl,--start-group,-lxil,-lgcc,-lc,--end-group
'Finished building target: project2.elf'
' '
'Invoking: MicroBlaze Print Size'
mb-size project2.elf  |tee "project2.elf.size"
   text	   data	    bss	    dec	    hex	filename
  25920	   1312	  19560	  46792	   b6c8	project2.elf
'Finished building: project2.elf.size'
' '
21:26:19 **** Auto Build of configuration Debug for project project2 ****
make all 
'Building file: ../src/serial_audio_lib.c'
'Invoking: MicroBlaze gcc compiler'
mb-gcc -Wall -O0 -g3 -c -fmessage-length=0 -MT"src/serial_audio_lib.o" -I../../project2_bsp/microblaze_0/include -mlittle-endian -mcpu=v10.0 -mxl-soft-mul -Wl,--no-relax -ffunction-sections -fdata-sections -MMD -MP -MF"src/serial_audio_lib.d" -MT"src/serial_audio_lib.o" -o "src/serial_audio_lib.o" "../src/serial_audio_lib.c"
../src/serial_audio_lib.c: In function 'load_new_file':
../src/serial_audio_lib.c:112:27: error: expected expression before '<' token
  for (sample = 0; sample =< new_audio_file_samples; sample++) {
                           ^
make: *** [src/serial_audio_lib.o] Error 1
21:26:24 **** Auto Build of configuration Debug for project project2 ****
make all 
'Building file: ../src/serial_audio_lib.c'
'Invoking: MicroBlaze gcc compiler'
mb-gcc -Wall -O0 -g3 -c -fmessage-length=0 -MT"src/serial_audio_lib.o" -I../../project2_bsp/microblaze_0/include -mlittle-endian -mcpu=v10.0 -mxl-soft-mul -Wl,--no-relax -ffunction-sections -fdata-sections -MMD -MP -MF"src/serial_audio_lib.d" -MT"src/serial_audio_lib.o" -o "src/serial_audio_lib.o" "../src/serial_audio_lib.c"
../src/serial_audio_lib.c: In function 'load_new_file':
../src/serial_audio_lib.c:113:2: error: 'mnew_audio_file_samples' undeclared (first use in this function)
  mnew_audio_file_samples; sample++) {
  ^~~~~~~~~~~~~~~~~~~~~~~
../src/serial_audio_lib.c:113:2: note: each undeclared identifier is reported only once for each function it appears in
make: *** [src/serial_audio_lib.o] Error 1
21:26:27 **** Auto Build of configuration Debug for project project2 ****
make all 
'Building file: ../src/serial_audio_lib.c'
'Invoking: MicroBlaze gcc compiler'
mb-gcc -Wall -O0 -g3 -c -fmessage-length=0 -MT"src/serial_audio_lib.o" -I../../project2_bsp/microblaze_0/include -mlittle-endian -mcpu=v10.0 -mxl-soft-mul -Wl,--no-relax -ffunction-sections -fdata-sections -MMD -MP -MF"src/serial_audio_lib.d" -MT"src/serial_audio_lib.o" -o "src/serial_audio_lib.o" "../src/serial_audio_lib.c"
'Finished building: ../src/serial_audio_lib.c'
' '
'Building target: project2.elf'
'Invoking: MicroBlaze gcc linker'
mb-gcc -Wl,-T -Wl,../src/lscript.ld -L../../project2_bsp/microblaze_0/lib -mlittle-endian -mcpu=v10.0 -mxl-soft-mul -Wl,--no-relax -Wl,--gc-sections -o "project2.elf"  ./src/audio_fifo.o ./src/codec.o ./src/main.o ./src/platform.o ./src/serial_audio_lib.o   -Wl,--start-group,-lxil,-lgcc,-lc,--end-group
'Finished building target: project2.elf'
' '
'Invoking: MicroBlaze Print Size'
mb-size project2.elf  |tee "project2.elf.size"
   text	   data	    bss	    dec	    hex	filename
  25920	   1312	  19560	  46792	   b6c8	project2.elf
'Finished building: project2.elf.size'
' '
21:26:31 **** Auto Build of configuration Debug for project project2 ****
make all 
'Building file: ../src/serial_audio_lib.c'
'Invoking: MicroBlaze gcc compiler'
mb-gcc -Wall -O0 -g3 -c -fmessage-length=0 -MT"src/serial_audio_lib.o" -I../../project2_bsp/microblaze_0/include -mlittle-endian -mcpu=v10.0 -mxl-soft-mul -Wl,--no-relax -ffunction-sections -fdata-sections -MMD -MP -MF"src/serial_audio_lib.d" -MT"src/serial_audio_lib.o" -o "src/serial_audio_lib.o" "../src/serial_audio_lib.c"
'Finished building: ../src/serial_audio_lib.c'
' '
'Building target: project2.elf'
'Invoking: MicroBlaze gcc linker'
mb-gcc -Wl,-T -Wl,../src/lscript.ld -L../../project2_bsp/microblaze_0/lib -mlittle-endian -mcpu=v10.0 -mxl-soft-mul -Wl,--no-relax -Wl,--gc-sections -o "project2.elf"  ./src/audio_fifo.o ./src/codec.o ./src/main.o ./src/platform.o ./src/serial_audio_lib.o   -Wl,--start-group,-lxil,-lgcc,-lc,--end-group
'Finished building target: project2.elf'
' '
'Invoking: MicroBlaze Print Size'
mb-size project2.elf  |tee "project2.elf.size"
   text	   data	    bss	    dec	    hex	filename
  25920	   1312	  19560	  46792	   b6c8	project2.elf
'Finished building: project2.elf.size'
' '
21:27:25 **** Auto Build of configuration Debug for project project2 ****
make all 
'Building file: ../src/serial_audio_lib.c'
'Invoking: MicroBlaze gcc compiler'
mb-gcc -Wall -O0 -g3 -c -fmessage-length=0 -MT"src/serial_audio_lib.o" -I../../project2_bsp/microblaze_0/include -mlittle-endian -mcpu=v10.0 -mxl-soft-mul -Wl,--no-relax -ffunction-sections -fdata-sections -MMD -MP -MF"src/serial_audio_lib.d" -MT"src/serial_audio_lib.o" -o "src/serial_audio_lib.o" "../src/serial_audio_lib.c"
'Finished building: ../src/serial_audio_lib.c'
' '
'Building target: project2.elf'
'Invoking: MicroBlaze gcc linker'
mb-gcc -Wl,-T -Wl,../src/lscript.ld -L../../project2_bsp/microblaze_0/lib -mlittle-endian -mcpu=v10.0 -mxl-soft-mul -Wl,--no-relax -Wl,--gc-sections -o "project2.elf"  ./src/audio_fifo.o ./src/codec.o ./src/main.o ./src/platform.o ./src/serial_audio_lib.o   -Wl,--start-group,-lxil,-lgcc,-lc,--end-group
'Finished building target: project2.elf'
' '
'Invoking: MicroBlaze Print Size'
mb-size project2.elf  |tee "project2.elf.size"
   text	   data	    bss	    dec	    hex	filename
  25936	   1312	  19560	  46808	   b6d8	project2.elf
'Finished building: project2.elf.size'
' '
21:27:30 **** Auto Build of configuration Debug for project project2 ****
make all 
'Building file: ../src/serial_audio_lib.c'
'Invoking: MicroBlaze gcc compiler'
mb-gcc -Wall -O0 -g3 -c -fmessage-length=0 -MT"src/serial_audio_lib.o" -I../../project2_bsp/microblaze_0/include -mlittle-endian -mcpu=v10.0 -mxl-soft-mul -Wl,--no-relax -ffunction-sections -fdata-sections -MMD -MP -MF"src/serial_audio_lib.d" -MT"src/serial_audio_lib.o" -o "src/serial_audio_lib.o" "../src/serial_audio_lib.c"
'Finished building: ../src/serial_audio_lib.c'
' '
'Building target: project2.elf'
'Invoking: MicroBlaze gcc linker'
mb-gcc -Wl,-T -Wl,../src/lscript.ld -L../../project2_bsp/microblaze_0/lib -mlittle-endian -mcpu=v10.0 -mxl-soft-mul -Wl,--no-relax -Wl,--gc-sections -o "project2.elf"  ./src/audio_fifo.o ./src/codec.o ./src/main.o ./src/platform.o ./src/serial_audio_lib.o   -Wl,--start-group,-lxil,-lgcc,-lc,--end-group
'Finished building target: project2.elf'
' '
'Invoking: MicroBlaze Print Size'
mb-size project2.elf  |tee "project2.elf.size"
   text	   data	    bss	    dec	    hex	filename
  25936	   1312	  19560	  46808	   b6d8	project2.elf
'Finished building: project2.elf.size'
' '
21:27:43 **** Auto Build of configuration Debug for project project2 ****
make all 
'Building file: ../src/serial_audio_lib.c'
'Invoking: MicroBlaze gcc compiler'
mb-gcc -Wall -O0 -g3 -c -fmessage-length=0 -MT"src/serial_audio_lib.o" -I../../project2_bsp/microblaze_0/include -mlittle-endian -mcpu=v10.0 -mxl-soft-mul -Wl,--no-relax -ffunction-sections -fdata-sections -MMD -MP -MF"src/serial_audio_lib.d" -MT"src/serial_audio_lib.o" -o "src/serial_audio_lib.o" "../src/serial_audio_lib.c"
'Finished building: ../src/serial_audio_lib.c'
' '
'Building target: project2.elf'
'Invoking: MicroBlaze gcc linker'
mb-gcc -Wl,-T -Wl,../src/lscript.ld -L../../project2_bsp/microblaze_0/lib -mlittle-endian -mcpu=v10.0 -mxl-soft-mul -Wl,--no-relax -Wl,--gc-sections -o "project2.elf"  ./src/audio_fifo.o ./src/codec.o ./src/main.o ./src/platform.o ./src/serial_audio_lib.o   -Wl,--start-group,-lxil,-lgcc,-lc,--end-group
'Finished building target: project2.elf'
' '
'Invoking: MicroBlaze Print Size'
mb-size project2.elf  |tee "project2.elf.size"
   text	   data	    bss	    dec	    hex	filename
  25936	   1312	  19560	  46808	   b6d8	project2.elf
'Finished building: project2.elf.size'
' '
21:27:47 **** Auto Build of configuration Debug for project project2 ****
make all 
'Building file: ../src/serial_audio_lib.c'
'Invoking: MicroBlaze gcc compiler'
mb-gcc -Wall -O0 -g3 -c -fmessage-length=0 -MT"src/serial_audio_lib.o" -I../../project2_bsp/microblaze_0/include -mlittle-endian -mcpu=v10.0 -mxl-soft-mul -Wl,--no-relax -ffunction-sections -fdata-sections -MMD -MP -MF"src/serial_audio_lib.d" -MT"src/serial_audio_lib.o" -o "src/serial_audio_lib.o" "../src/serial_audio_lib.c"
'Finished building: ../src/serial_audio_lib.c'
' '
'Building target: project2.elf'
'Invoking: MicroBlaze gcc linker'
mb-gcc -Wl,-T -Wl,../src/lscript.ld -L../../project2_bsp/microblaze_0/lib -mlittle-endian -mcpu=v10.0 -mxl-soft-mul -Wl,--no-relax -Wl,--gc-sections -o "project2.elf"  ./src/audio_fifo.o ./src/codec.o ./src/main.o ./src/platform.o ./src/serial_audio_lib.o   -Wl,--start-group,-lxil,-lgcc,-lc,--end-group
'Finished building target: project2.elf'
' '
'Invoking: MicroBlaze Print Size'
mb-size project2.elf  |tee "project2.elf.size"
   text	   data	    bss	    dec	    hex	filename
  25936	   1312	  19560	  46808	   b6d8	project2.elf
'Finished building: project2.elf.size'
' '
21:28:15 **** Incremental Build of configuration Debug for project project2 ****
make all 
make: Nothing to be done for `all'.
21:28:16 **** Incremental Build of configuration Debug for project project2_bsp_xspi_intr_example_1 ****
make all 
'Building file: ../src/xspi_intr_example.c'
'Invoking: MicroBlaze gcc compiler'
mb-gcc -Wall -O0 -g3 -c -fmessage-length=0 -MT"src/xspi_intr_example.o" -I../../project2_bsp/microblaze_0/include -mlittle-endian -mcpu=v10.0 -mxl-soft-mul -Wl,--no-relax -ffunction-sections -fdata-sections -MMD -MP -MF"src/xspi_intr_example.d" -MT"src/xspi_intr_example.o" -o "src/xspi_intr_example.o" "../src/xspi_intr_example.c"
../src/xspi_intr_example.c:77:22: fatal error: xscugic.h: No such file or directory
  #include "xscugic.h"
                      ^
compilation terminated.
make: *** [src/xspi_intr_example.o] Error 1
21:28:16 **** Incremental Build of configuration Debug for project project2_bsp_xspi_polled_example_1 ****
make all 
make: Nothing to be done for `all'.
21:28:17 **** Incremental Build of configuration Debug for project project2_bsp_xspi_selftest_example_1 ****
make all 
make: Nothing to be done for `all'.
21:28:17 **** Incremental Build of configuration Debug for project project2_bsp_xspi_slave_polled_example_1 ****
make all 
make: Nothing to be done for `all'.
21:28:17 **** Incremental Build of configuration Debug for project project2_bsp_xuartlite_intr_tapp_example_1 ****
make all 
'Building file: ../src/xuartlite_intr_tapp_example.c'
'Invoking: MicroBlaze gcc compiler'
mb-gcc -Wall -O0 -g3 -c -fmessage-length=0 -MT"src/xuartlite_intr_tapp_example.o" -I../../project2_bsp/microblaze_0/include -mlittle-endian -mcpu=v10.0 -mxl-soft-mul -Wl,--no-relax -ffunction-sections -fdata-sections -MMD -MP -MF"src/xuartlite_intr_tapp_example.d" -MT"src/xuartlite_intr_tapp_example.o" -o "src/xuartlite_intr_tapp_example.o" "../src/xuartlite_intr_tapp_example.c"
../src/xuartlite_intr_tapp_example.c:71:21: fatal error: xscugic.h: No such file or directory
 #include "xscugic.h"
                     ^
compilation terminated.
make: *** [src/xuartlite_intr_tapp_example.o] Error 1
21:29:42 **** Auto Build of configuration Debug for project project2 ****
make all 
'Building file: ../src/serial_audio_lib.c'
'Invoking: MicroBlaze gcc compiler'
mb-gcc -Wall -O0 -g3 -c -fmessage-length=0 -MT"src/serial_audio_lib.o" -I../../project2_bsp/microblaze_0/include -mlittle-endian -mcpu=v10.0 -mxl-soft-mul -Wl,--no-relax -ffunction-sections -fdata-sections -MMD -MP -MF"src/serial_audio_lib.d" -MT"src/serial_audio_lib.o" -o "src/serial_audio_lib.o" "../src/serial_audio_lib.c"
'Finished building: ../src/serial_audio_lib.c'
' '
'Building target: project2.elf'
'Invoking: MicroBlaze gcc linker'
mb-gcc -Wl,-T -Wl,../src/lscript.ld -L../../project2_bsp/microblaze_0/lib -mlittle-endian -mcpu=v10.0 -mxl-soft-mul -Wl,--no-relax -Wl,--gc-sections -o "project2.elf"  ./src/audio_fifo.o ./src/codec.o ./src/main.o ./src/platform.o ./src/serial_audio_lib.o   -Wl,--start-group,-lxil,-lgcc,-lc,--end-group
'Finished building target: project2.elf'
' '
'Invoking: MicroBlaze Print Size'
mb-size project2.elf  |tee "project2.elf.size"
   text	   data	    bss	    dec	    hex	filename
  25952	   1312	  19560	  46824	   b6e8	project2.elf
'Finished building: project2.elf.size'
' '
21:29:54 **** Auto Build of configuration Debug for project project2 ****
make all 
'Building file: ../src/serial_audio_lib.c'
'Invoking: MicroBlaze gcc compiler'
mb-gcc -Wall -O0 -g3 -c -fmessage-length=0 -MT"src/serial_audio_lib.o" -I../../project2_bsp/microblaze_0/include -mlittle-endian -mcpu=v10.0 -mxl-soft-mul -Wl,--no-relax -ffunction-sections -fdata-sections -MMD -MP -MF"src/serial_audio_lib.d" -MT"src/serial_audio_lib.o" -o "src/serial_audio_lib.o" "../src/serial_audio_lib.c"
'Finished building: ../src/serial_audio_lib.c'
' '
'Building target: project2.elf'
'Invoking: MicroBlaze gcc linker'
mb-gcc -Wl,-T -Wl,../src/lscript.ld -L../../project2_bsp/microblaze_0/lib -mlittle-endian -mcpu=v10.0 -mxl-soft-mul -Wl,--no-relax -Wl,--gc-sections -o "project2.elf"  ./src/audio_fifo.o ./src/codec.o ./src/main.o ./src/platform.o ./src/serial_audio_lib.o   -Wl,--start-group,-lxil,-lgcc,-lc,--end-group
'Finished building target: project2.elf'
' '
'Invoking: MicroBlaze Print Size'
mb-size project2.elf  |tee "project2.elf.size"
   text	   data	    bss	    dec	    hex	filename
  25964	   1312	  19564	  46840	   b6f8	project2.elf
'Finished building: project2.elf.size'
' '
21:29:56 **** Auto Build of configuration Debug for project project2 ****
make all 
'Building file: ../src/serial_audio_lib.c'
'Invoking: MicroBlaze gcc compiler'
mb-gcc -Wall -O0 -g3 -c -fmessage-length=0 -MT"src/serial_audio_lib.o" -I../../project2_bsp/microblaze_0/include -mlittle-endian -mcpu=v10.0 -mxl-soft-mul -Wl,--no-relax -ffunction-sections -fdata-sections -MMD -MP -MF"src/serial_audio_lib.d" -MT"src/serial_audio_lib.o" -o "src/serial_audio_lib.o" "../src/serial_audio_lib.c"
'Finished building: ../src/serial_audio_lib.c'
' '
'Building target: project2.elf'
'Invoking: MicroBlaze gcc linker'
mb-gcc -Wl,-T -Wl,../src/lscript.ld -L../../project2_bsp/microblaze_0/lib -mlittle-endian -mcpu=v10.0 -mxl-soft-mul -Wl,--no-relax -Wl,--gc-sections -o "project2.elf"  ./src/audio_fifo.o ./src/codec.o ./src/main.o ./src/platform.o ./src/serial_audio_lib.o   -Wl,--start-group,-lxil,-lgcc,-lc,--end-group
'Finished building target: project2.elf'
' '
'Invoking: MicroBlaze Print Size'
mb-size project2.elf  |tee "project2.elf.size"
   text	   data	    bss	    dec	    hex	filename
  25964	   1312	  19564	  46840	   b6f8	project2.elf
'Finished building: project2.elf.size'
' '
21:30:00 **** Auto Build of configuration Debug for project project2 ****
make all 
'Building file: ../src/serial_audio_lib.c'
'Invoking: MicroBlaze gcc compiler'
mb-gcc -Wall -O0 -g3 -c -fmessage-length=0 -MT"src/serial_audio_lib.o" -I../../project2_bsp/microblaze_0/include -mlittle-endian -mcpu=v10.0 -mxl-soft-mul -Wl,--no-relax -ffunction-sections -fdata-sections -MMD -MP -MF"src/serial_audio_lib.d" -MT"src/serial_audio_lib.o" -o "src/serial_audio_lib.o" "../src/serial_audio_lib.c"
'Finished building: ../src/serial_audio_lib.c'
' '
'Building target: project2.elf'
'Invoking: MicroBlaze gcc linker'
mb-gcc -Wl,-T -Wl,../src/lscript.ld -L../../project2_bsp/microblaze_0/lib -mlittle-endian -mcpu=v10.0 -mxl-soft-mul -Wl,--no-relax -Wl,--gc-sections -o "project2.elf"  ./src/audio_fifo.o ./src/codec.o ./src/main.o ./src/platform.o ./src/serial_audio_lib.o   -Wl,--start-group,-lxil,-lgcc,-lc,--end-group
'Finished building target: project2.elf'
' '
'Invoking: MicroBlaze Print Size'
mb-size project2.elf  |tee "project2.elf.size"
   text	   data	    bss	    dec	    hex	filename
  25964	   1312	  19564	  46840	   b6f8	project2.elf
'Finished building: project2.elf.size'
' '
21:30:01 **** Incremental Build of configuration Debug for project project2 ****
make all 
make: Nothing to be done for `all'.
21:30:02 **** Incremental Build of configuration Debug for project project2_bsp_xspi_intr_example_1 ****
make all 
'Building file: ../src/xspi_intr_example.c'
'Invoking: MicroBlaze gcc compiler'
mb-gcc -Wall -O0 -g3 -c -fmessage-length=0 -MT"src/xspi_intr_example.o" -I../../project2_bsp/microblaze_0/include -mlittle-endian -mcpu=v10.0 -mxl-soft-mul -Wl,--no-relax -ffunction-sections -fdata-sections -MMD -MP -MF"src/xspi_intr_example.d" -MT"src/xspi_intr_example.o" -o "src/xspi_intr_example.o" "../src/xspi_intr_example.c"
../src/xspi_intr_example.c:77:22: fatal error: xscugic.h: No such file or directory
  #include "xscugic.h"
                      ^
compilation terminated.
make: *** [src/xspi_intr_example.o] Error 1
21:30:02 **** Incremental Build of configuration Debug for project project2_bsp_xspi_polled_example_1 ****
make all 
make: Nothing to be done for `all'.
21:30:02 **** Incremental Build of configuration Debug for project project2_bsp_xspi_selftest_example_1 ****
make all 
make: Nothing to be done for `all'.
21:30:03 **** Incremental Build of configuration Debug for project project2_bsp_xspi_slave_polled_example_1 ****
make all 
make: Nothing to be done for `all'.
21:30:03 **** Incremental Build of configuration Debug for project project2_bsp_xuartlite_intr_tapp_example_1 ****
make all 
'Building file: ../src/xuartlite_intr_tapp_example.c'
'Invoking: MicroBlaze gcc compiler'
mb-gcc -Wall -O0 -g3 -c -fmessage-length=0 -MT"src/xuartlite_intr_tapp_example.o" -I../../project2_bsp/microblaze_0/include -mlittle-endian -mcpu=v10.0 -mxl-soft-mul -Wl,--no-relax -ffunction-sections -fdata-sections -MMD -MP -MF"src/xuartlite_intr_tapp_example.d" -MT"src/xuartlite_intr_tapp_example.o" -o "src/xuartlite_intr_tapp_example.o" "../src/xuartlite_intr_tapp_example.c"
../src/xuartlite_intr_tapp_example.c:71:21: fatal error: xscugic.h: No such file or directory
 #include "xscugic.h"
                     ^
compilation terminated.
make: *** [src/xuartlite_intr_tapp_example.o] Error 1
21:31:38 **** Auto Build of configuration Debug for project project2 ****
make all 
'Building file: ../src/serial_audio_lib.c'
'Invoking: MicroBlaze gcc compiler'
mb-gcc -Wall -O0 -g3 -c -fmessage-length=0 -MT"src/serial_audio_lib.o" -I../../project2_bsp/microblaze_0/include -mlittle-endian -mcpu=v10.0 -mxl-soft-mul -Wl,--no-relax -ffunction-sections -fdata-sections -MMD -MP -MF"src/serial_audio_lib.d" -MT"src/serial_audio_lib.o" -o "src/serial_audio_lib.o" "../src/serial_audio_lib.c"
../src/serial_audio_lib.c: In function 'get_option':
../src/serial_audio_lib.c:76:72: error: 'intput_c' undeclared (first use in this function)
    xil_printf("[get_option] Unhandled character received: 0x%02x\r\n", intput_c);
                                                                        ^~~~~~~~
../src/serial_audio_lib.c:76:72: note: each undeclared identifier is reported only once for each function it appears in
make: *** [src/serial_audio_lib.o] Error 1
21:31:43 **** Auto Build of configuration Debug for project project2 ****
make all 
'Building file: ../src/serial_audio_lib.c'
'Invoking: MicroBlaze gcc compiler'
mb-gcc -Wall -O0 -g3 -c -fmessage-length=0 -MT"src/serial_audio_lib.o" -I../../project2_bsp/microblaze_0/include -mlittle-endian -mcpu=v10.0 -mxl-soft-mul -Wl,--no-relax -ffunction-sections -fdata-sections -MMD -MP -MF"src/serial_audio_lib.d" -MT"src/serial_audio_lib.o" -o "src/serial_audio_lib.o" "../src/serial_audio_lib.c"
'Finished building: ../src/serial_audio_lib.c'
' '
'Building target: project2.elf'
'Invoking: MicroBlaze gcc linker'
mb-gcc -Wl,-T -Wl,../src/lscript.ld -L../../project2_bsp/microblaze_0/lib -mlittle-endian -mcpu=v10.0 -mxl-soft-mul -Wl,--no-relax -Wl,--gc-sections -o "project2.elf"  ./src/audio_fifo.o ./src/codec.o ./src/main.o ./src/platform.o ./src/serial_audio_lib.o   -Wl,--start-group,-lxil,-lgcc,-lc,--end-group
'Finished building target: project2.elf'
' '
'Invoking: MicroBlaze Print Size'
mb-size project2.elf  |tee "project2.elf.size"
   text	   data	    bss	    dec	    hex	filename
  26048	   1312	  19560	  46920	   b748	project2.elf
'Finished building: project2.elf.size'
' '
21:31:46 **** Incremental Build of configuration Debug for project project2 ****
make all 
make: Nothing to be done for `all'.
21:31:47 **** Incremental Build of configuration Debug for project project2_bsp_xspi_intr_example_1 ****
make all 
'Building file: ../src/xspi_intr_example.c'
'Invoking: MicroBlaze gcc compiler'
mb-gcc -Wall -O0 -g3 -c -fmessage-length=0 -MT"src/xspi_intr_example.o" -I../../project2_bsp/microblaze_0/include -mlittle-endian -mcpu=v10.0 -mxl-soft-mul -Wl,--no-relax -ffunction-sections -fdata-sections -MMD -MP -MF"src/xspi_intr_example.d" -MT"src/xspi_intr_example.o" -o "src/xspi_intr_example.o" "../src/xspi_intr_example.c"
../src/xspi_intr_example.c:77:22: fatal error: xscugic.h: No such file or directory
  #include "xscugic.h"
                      ^
compilation terminated.
make: *** [src/xspi_intr_example.o] Error 1
21:31:47 **** Incremental Build of configuration Debug for project project2_bsp_xspi_polled_example_1 ****
make all 
make: Nothing to be done for `all'.
21:31:47 **** Incremental Build of configuration Debug for project project2_bsp_xspi_selftest_example_1 ****
make all 
make: Nothing to be done for `all'.
21:31:48 **** Incremental Build of configuration Debug for project project2_bsp_xspi_slave_polled_example_1 ****
make all 
make: Nothing to be done for `all'.
21:31:48 **** Incremental Build of configuration Debug for project project2_bsp_xuartlite_intr_tapp_example_1 ****
make all 
'Building file: ../src/xuartlite_intr_tapp_example.c'
'Invoking: MicroBlaze gcc compiler'
mb-gcc -Wall -O0 -g3 -c -fmessage-length=0 -MT"src/xuartlite_intr_tapp_example.o" -I../../project2_bsp/microblaze_0/include -mlittle-endian -mcpu=v10.0 -mxl-soft-mul -Wl,--no-relax -ffunction-sections -fdata-sections -MMD -MP -MF"src/xuartlite_intr_tapp_example.d" -MT"src/xuartlite_intr_tapp_example.o" -o "src/xuartlite_intr_tapp_example.o" "../src/xuartlite_intr_tapp_example.c"
../src/xuartlite_intr_tapp_example.c:71:21: fatal error: xscugic.h: No such file or directory
 #include "xscugic.h"
                     ^
compilation terminated.
make: *** [src/xuartlite_intr_tapp_example.o] Error 1
21:32:42 **** Auto Build of configuration Debug for project project2 ****
make all 
'Building file: ../src/serial_audio_lib.c'
'Invoking: MicroBlaze gcc compiler'
mb-gcc -Wall -O0 -g3 -c -fmessage-length=0 -MT"src/serial_audio_lib.o" -I../../project2_bsp/microblaze_0/include -mlittle-endian -mcpu=v10.0 -mxl-soft-mul -Wl,--no-relax -ffunction-sections -fdata-sections -MMD -MP -MF"src/serial_audio_lib.d" -MT"src/serial_audio_lib.o" -o "src/serial_audio_lib.o" "../src/serial_audio_lib.c"
'Finished building: ../src/serial_audio_lib.c'
' '
'Building target: project2.elf'
'Invoking: MicroBlaze gcc linker'
mb-gcc -Wl,-T -Wl,../src/lscript.ld -L../../project2_bsp/microblaze_0/lib -mlittle-endian -mcpu=v10.0 -mxl-soft-mul -Wl,--no-relax -Wl,--gc-sections -o "project2.elf"  ./src/audio_fifo.o ./src/codec.o ./src/main.o ./src/platform.o ./src/serial_audio_lib.o   -Wl,--start-group,-lxil,-lgcc,-lc,--end-group
'Finished building target: project2.elf'
' '
'Invoking: MicroBlaze Print Size'
mb-size project2.elf  |tee "project2.elf.size"
   text	   data	    bss	    dec	    hex	filename
  26132	   1312	  19564	  47008	   b7a0	project2.elf
'Finished building: project2.elf.size'
' '
21:32:43 **** Auto Build of configuration Debug for project project2 ****
make all 
'Building file: ../src/serial_audio_lib.c'
'Invoking: MicroBlaze gcc compiler'
mb-gcc -Wall -O0 -g3 -c -fmessage-length=0 -MT"src/serial_audio_lib.o" -I../../project2_bsp/microblaze_0/include -mlittle-endian -mcpu=v10.0 -mxl-soft-mul -Wl,--no-relax -ffunction-sections -fdata-sections -MMD -MP -MF"src/serial_audio_lib.d" -MT"src/serial_audio_lib.o" -o "src/serial_audio_lib.o" "../src/serial_audio_lib.c"
'Finished building: ../src/serial_audio_lib.c'
' '
'Building target: project2.elf'
'Invoking: MicroBlaze gcc linker'
mb-gcc -Wl,-T -Wl,../src/lscript.ld -L../../project2_bsp/microblaze_0/lib -mlittle-endian -mcpu=v10.0 -mxl-soft-mul -Wl,--no-relax -Wl,--gc-sections -o "project2.elf"  ./src/audio_fifo.o ./src/codec.o ./src/main.o ./src/platform.o ./src/serial_audio_lib.o   -Wl,--start-group,-lxil,-lgcc,-lc,--end-group
'Finished building target: project2.elf'
' '
'Invoking: MicroBlaze Print Size'
mb-size project2.elf  |tee "project2.elf.size"
   text	   data	    bss	    dec	    hex	filename
  26132	   1312	  19564	  47008	   b7a0	project2.elf
'Finished building: project2.elf.size'
' '
21:32:52 **** Auto Build of configuration Debug for project project2 ****
make all 
'Building file: ../src/serial_audio_lib.c'
'Invoking: MicroBlaze gcc compiler'
mb-gcc -Wall -O0 -g3 -c -fmessage-length=0 -MT"src/serial_audio_lib.o" -I../../project2_bsp/microblaze_0/include -mlittle-endian -mcpu=v10.0 -mxl-soft-mul -Wl,--no-relax -ffunction-sections -fdata-sections -MMD -MP -MF"src/serial_audio_lib.d" -MT"src/serial_audio_lib.o" -o "src/serial_audio_lib.o" "../src/serial_audio_lib.c"
'Finished building: ../src/serial_audio_lib.c'
' '
'Building target: project2.elf'
'Invoking: MicroBlaze gcc linker'
mb-gcc -Wl,-T -Wl,../src/lscript.ld -L../../project2_bsp/microblaze_0/lib -mlittle-endian -mcpu=v10.0 -mxl-soft-mul -Wl,--no-relax -Wl,--gc-sections -o "project2.elf"  ./src/audio_fifo.o ./src/codec.o ./src/main.o ./src/platform.o ./src/serial_audio_lib.o   -Wl,--start-group,-lxil,-lgcc,-lc,--end-group
'Finished building target: project2.elf'
' '
'Invoking: MicroBlaze Print Size'
mb-size project2.elf  |tee "project2.elf.size"
   text	   data	    bss	    dec	    hex	filename
  26216	   1312	  19560	  47088	   b7f0	project2.elf
'Finished building: project2.elf.size'
' '
21:32:53 **** Auto Build of configuration Debug for project project2 ****
make all 
'Building file: ../src/serial_audio_lib.c'
'Invoking: MicroBlaze gcc compiler'
mb-gcc -Wall -O0 -g3 -c -fmessage-length=0 -MT"src/serial_audio_lib.o" -I../../project2_bsp/microblaze_0/include -mlittle-endian -mcpu=v10.0 -mxl-soft-mul -Wl,--no-relax -ffunction-sections -fdata-sections -MMD -MP -MF"src/serial_audio_lib.d" -MT"src/serial_audio_lib.o" -o "src/serial_audio_lib.o" "../src/serial_audio_lib.c"
'Finished building: ../src/serial_audio_lib.c'
' '
'Building target: project2.elf'
'Invoking: MicroBlaze gcc linker'
mb-gcc -Wl,-T -Wl,../src/lscript.ld -L../../project2_bsp/microblaze_0/lib -mlittle-endian -mcpu=v10.0 -mxl-soft-mul -Wl,--no-relax -Wl,--gc-sections -o "project2.elf"  ./src/audio_fifo.o ./src/codec.o ./src/main.o ./src/platform.o ./src/serial_audio_lib.o   -Wl,--start-group,-lxil,-lgcc,-lc,--end-group
'Finished building target: project2.elf'
' '
'Invoking: MicroBlaze Print Size'
mb-size project2.elf  |tee "project2.elf.size"
   text	   data	    bss	    dec	    hex	filename
  26216	   1312	  19560	  47088	   b7f0	project2.elf
'Finished building: project2.elf.size'
' '
21:32:59 **** Incremental Build of configuration Debug for project project2 ****
make all 
make: Nothing to be done for `all'.
21:32:59 **** Incremental Build of configuration Debug for project project2_bsp_xspi_intr_example_1 ****
make all 
'Building file: ../src/xspi_intr_example.c'
'Invoking: MicroBlaze gcc compiler'
mb-gcc -Wall -O0 -g3 -c -fmessage-length=0 -MT"src/xspi_intr_example.o" -I../../project2_bsp/microblaze_0/include -mlittle-endian -mcpu=v10.0 -mxl-soft-mul -Wl,--no-relax -ffunction-sections -fdata-sections -MMD -MP -MF"src/xspi_intr_example.d" -MT"src/xspi_intr_example.o" -o "src/xspi_intr_example.o" "../src/xspi_intr_example.c"
../src/xspi_intr_example.c:77:22: fatal error: xscugic.h: No such file or directory
  #include "xscugic.h"
                      ^
compilation terminated.
make: *** [src/xspi_intr_example.o] Error 1
21:32:59 **** Incremental Build of configuration Debug for project project2_bsp_xspi_polled_example_1 ****
make all 
make: Nothing to be done for `all'.
21:33:00 **** Incremental Build of configuration Debug for project project2_bsp_xspi_selftest_example_1 ****
make all 
make: Nothing to be done for `all'.
21:33:00 **** Incremental Build of configuration Debug for project project2_bsp_xspi_slave_polled_example_1 ****
make all 
make: Nothing to be done for `all'.
21:33:00 **** Incremental Build of configuration Debug for project project2_bsp_xuartlite_intr_tapp_example_1 ****
make all 
'Building file: ../src/xuartlite_intr_tapp_example.c'
'Invoking: MicroBlaze gcc compiler'
mb-gcc -Wall -O0 -g3 -c -fmessage-length=0 -MT"src/xuartlite_intr_tapp_example.o" -I../../project2_bsp/microblaze_0/include -mlittle-endian -mcpu=v10.0 -mxl-soft-mul -Wl,--no-relax -ffunction-sections -fdata-sections -MMD -MP -MF"src/xuartlite_intr_tapp_example.d" -MT"src/xuartlite_intr_tapp_example.o" -o "src/xuartlite_intr_tapp_example.o" "../src/xuartlite_intr_tapp_example.c"
../src/xuartlite_intr_tapp_example.c:71:21: fatal error: xscugic.h: No such file or directory
 #include "xscugic.h"
                     ^
compilation terminated.
make: *** [src/xuartlite_intr_tapp_example.o] Error 1
21:34:12 **** Auto Build of configuration Debug for project project2 ****
make all 
'Building file: ../src/serial_audio_lib.c'
'Invoking: MicroBlaze gcc compiler'
mb-gcc -Wall -O0 -g3 -c -fmessage-length=0 -MT"src/serial_audio_lib.o" -I../../project2_bsp/microblaze_0/include -mlittle-endian -mcpu=v10.0 -mxl-soft-mul -Wl,--no-relax -ffunction-sections -fdata-sections -MMD -MP -MF"src/serial_audio_lib.d" -MT"src/serial_audio_lib.o" -o "src/serial_audio_lib.o" "../src/serial_audio_lib.c"
'Finished building: ../src/serial_audio_lib.c'
' '
'Building target: project2.elf'
'Invoking: MicroBlaze gcc linker'
mb-gcc -Wl,-T -Wl,../src/lscript.ld -L../../project2_bsp/microblaze_0/lib -mlittle-endian -mcpu=v10.0 -mxl-soft-mul -Wl,--no-relax -Wl,--gc-sections -o "project2.elf"  ./src/audio_fifo.o ./src/codec.o ./src/main.o ./src/platform.o ./src/serial_audio_lib.o   -Wl,--start-group,-lxil,-lgcc,-lc,--end-group
'Finished building target: project2.elf'
' '
'Invoking: MicroBlaze Print Size'
mb-size project2.elf  |tee "project2.elf.size"
   text	   data	    bss	    dec	    hex	filename
  26032	   1312	  19560	  46904	   b738	project2.elf
'Finished building: project2.elf.size'
' '
21:34:15 **** Incremental Build of configuration Debug for project project2 ****
make all 
make: Nothing to be done for `all'.
21:34:15 **** Incremental Build of configuration Debug for project project2_bsp_xspi_intr_example_1 ****
make all 
'Building file: ../src/xspi_intr_example.c'
'Invoking: MicroBlaze gcc compiler'
mb-gcc -Wall -O0 -g3 -c -fmessage-length=0 -MT"src/xspi_intr_example.o" -I../../project2_bsp/microblaze_0/include -mlittle-endian -mcpu=v10.0 -mxl-soft-mul -Wl,--no-relax -ffunction-sections -fdata-sections -MMD -MP -MF"src/xspi_intr_example.d" -MT"src/xspi_intr_example.o" -o "src/xspi_intr_example.o" "../src/xspi_intr_example.c"
../src/xspi_intr_example.c:77:22: fatal error: xscugic.h: No such file or directory
  #include "xscugic.h"
                      ^
compilation terminated.
make: *** [src/xspi_intr_example.o] Error 1
21:34:16 **** Incremental Build of configuration Debug for project project2_bsp_xspi_polled_example_1 ****
make all 
make: Nothing to be done for `all'.
21:34:16 **** Incremental Build of configuration Debug for project project2_bsp_xspi_selftest_example_1 ****
make all 
make: Nothing to be done for `all'.
21:34:16 **** Incremental Build of configuration Debug for project project2_bsp_xspi_slave_polled_example_1 ****
make all 
make: Nothing to be done for `all'.
21:34:17 **** Incremental Build of configuration Debug for project project2_bsp_xuartlite_intr_tapp_example_1 ****
make all 
'Building file: ../src/xuartlite_intr_tapp_example.c'
'Invoking: MicroBlaze gcc compiler'
mb-gcc -Wall -O0 -g3 -c -fmessage-length=0 -MT"src/xuartlite_intr_tapp_example.o" -I../../project2_bsp/microblaze_0/include -mlittle-endian -mcpu=v10.0 -mxl-soft-mul -Wl,--no-relax -ffunction-sections -fdata-sections -MMD -MP -MF"src/xuartlite_intr_tapp_example.d" -MT"src/xuartlite_intr_tapp_example.o" -o "src/xuartlite_intr_tapp_example.o" "../src/xuartlite_intr_tapp_example.c"
../src/xuartlite_intr_tapp_example.c:71:21: fatal error: xscugic.h: No such file or directory
 #include "xscugic.h"
                     ^
compilation terminated.
make: *** [src/xuartlite_intr_tapp_example.o] Error 1
21:34:42 **** Auto Build of configuration Debug for project project2 ****
make all 
'Building file: ../src/serial_audio_lib.c'
'Invoking: MicroBlaze gcc compiler'
mb-gcc -Wall -O0 -g3 -c -fmessage-length=0 -MT"src/serial_audio_lib.o" -I../../project2_bsp/microblaze_0/include -mlittle-endian -mcpu=v10.0 -mxl-soft-mul -Wl,--no-relax -ffunction-sections -fdata-sections -MMD -MP -MF"src/serial_audio_lib.d" -MT"src/serial_audio_lib.o" -o "src/serial_audio_lib.o" "../src/serial_audio_lib.c"
'Finished building: ../src/serial_audio_lib.c'
' '
'Building target: project2.elf'
'Invoking: MicroBlaze gcc linker'
mb-gcc -Wl,-T -Wl,../src/lscript.ld -L../../project2_bsp/microblaze_0/lib -mlittle-endian -mcpu=v10.0 -mxl-soft-mul -Wl,--no-relax -Wl,--gc-sections -o "project2.elf"  ./src/audio_fifo.o ./src/codec.o ./src/main.o ./src/platform.o ./src/serial_audio_lib.o   -Wl,--start-group,-lxil,-lgcc,-lc,--end-group
'Finished building target: project2.elf'
' '
'Invoking: MicroBlaze Print Size'
mb-size project2.elf  |tee "project2.elf.size"
   text	   data	    bss	    dec	    hex	filename
  26032	   1312	  19560	  46904	   b738	project2.elf
'Finished building: project2.elf.size'
' '
21:34:45 **** Auto Build of configuration Debug for project project2 ****
make all 
'Building file: ../src/serial_audio_lib.c'
'Invoking: MicroBlaze gcc compiler'
mb-gcc -Wall -O0 -g3 -c -fmessage-length=0 -MT"src/serial_audio_lib.o" -I../../project2_bsp/microblaze_0/include -mlittle-endian -mcpu=v10.0 -mxl-soft-mul -Wl,--no-relax -ffunction-sections -fdata-sections -MMD -MP -MF"src/serial_audio_lib.d" -MT"src/serial_audio_lib.o" -o "src/serial_audio_lib.o" "../src/serial_audio_lib.c"
'Finished building: ../src/serial_audio_lib.c'
' '
'Building target: project2.elf'
'Invoking: MicroBlaze gcc linker'
mb-gcc -Wl,-T -Wl,../src/lscript.ld -L../../project2_bsp/microblaze_0/lib -mlittle-endian -mcpu=v10.0 -mxl-soft-mul -Wl,--no-relax -Wl,--gc-sections -o "project2.elf"  ./src/audio_fifo.o ./src/codec.o ./src/main.o ./src/platform.o ./src/serial_audio_lib.o   -Wl,--start-group,-lxil,-lgcc,-lc,--end-group
'Finished building target: project2.elf'
' '
'Invoking: MicroBlaze Print Size'
mb-size project2.elf  |tee "project2.elf.size"
   text	   data	    bss	    dec	    hex	filename
  26032	   1312	  19560	  46904	   b738	project2.elf
'Finished building: project2.elf.size'
' '
21:35:30 **** Auto Build of configuration Debug for project project2 ****
make all 
'Building file: ../src/serial_audio_lib.c'
'Invoking: MicroBlaze gcc compiler'
mb-gcc -Wall -O0 -g3 -c -fmessage-length=0 -MT"src/serial_audio_lib.o" -I../../project2_bsp/microblaze_0/include -mlittle-endian -mcpu=v10.0 -mxl-soft-mul -Wl,--no-relax -ffunction-sections -fdata-sections -MMD -MP -MF"src/serial_audio_lib.d" -MT"src/serial_audio_lib.o" -o "src/serial_audio_lib.o" "../src/serial_audio_lib.c"
../src/serial_audio_lib.c: In function 'load_new_file':
../src/serial_audio_lib.c:123:10: warning: unused variable 'extra' [-Wunused-variable]
  uint8_t extra = inbyte();
          ^~~~~
'Finished building: ../src/serial_audio_lib.c'
' '
'Building target: project2.elf'
'Invoking: MicroBlaze gcc linker'
mb-gcc -Wl,-T -Wl,../src/lscript.ld -L../../project2_bsp/microblaze_0/lib -mlittle-endian -mcpu=v10.0 -mxl-soft-mul -Wl,--no-relax -Wl,--gc-sections -o "project2.elf"  ./src/audio_fifo.o ./src/codec.o ./src/main.o ./src/platform.o ./src/serial_audio_lib.o   -Wl,--start-group,-lxil,-lgcc,-lc,--end-group
'Finished building target: project2.elf'
' '
'Invoking: MicroBlaze Print Size'
mb-size project2.elf  |tee "project2.elf.size"
   text	   data	    bss	    dec	    hex	filename
  26048	   1312	  19560	  46920	   b748	project2.elf
'Finished building: project2.elf.size'
' '
21:35:34 **** Incremental Build of configuration Debug for project project2 ****
make all 
make: Nothing to be done for `all'.
21:35:34 **** Incremental Build of configuration Debug for project project2_bsp_xspi_intr_example_1 ****
make all 
'Building file: ../src/xspi_intr_example.c'
'Invoking: MicroBlaze gcc compiler'
mb-gcc -Wall -O0 -g3 -c -fmessage-length=0 -MT"src/xspi_intr_example.o" -I../../project2_bsp/microblaze_0/include -mlittle-endian -mcpu=v10.0 -mxl-soft-mul -Wl,--no-relax -ffunction-sections -fdata-sections -MMD -MP -MF"src/xspi_intr_example.d" -MT"src/xspi_intr_example.o" -o "src/xspi_intr_example.o" "../src/xspi_intr_example.c"
../src/xspi_intr_example.c:77:22: fatal error: xscugic.h: No such file or directory
  #include "xscugic.h"
                      ^
compilation terminated.
make: *** [src/xspi_intr_example.o] Error 1
21:35:35 **** Incremental Build of configuration Debug for project project2_bsp_xspi_polled_example_1 ****
make all 
make: Nothing to be done for `all'.
21:35:35 **** Incremental Build of configuration Debug for project project2_bsp_xspi_selftest_example_1 ****
make all 
make: Nothing to be done for `all'.
21:35:35 **** Incremental Build of configuration Debug for project project2_bsp_xspi_slave_polled_example_1 ****
make all 
make: Nothing to be done for `all'.
21:35:36 **** Incremental Build of configuration Debug for project project2_bsp_xuartlite_intr_tapp_example_1 ****
make all 
'Building file: ../src/xuartlite_intr_tapp_example.c'
'Invoking: MicroBlaze gcc compiler'
mb-gcc -Wall -O0 -g3 -c -fmessage-length=0 -MT"src/xuartlite_intr_tapp_example.o" -I../../project2_bsp/microblaze_0/include -mlittle-endian -mcpu=v10.0 -mxl-soft-mul -Wl,--no-relax -ffunction-sections -fdata-sections -MMD -MP -MF"src/xuartlite_intr_tapp_example.d" -MT"src/xuartlite_intr_tapp_example.o" -o "src/xuartlite_intr_tapp_example.o" "../src/xuartlite_intr_tapp_example.c"
../src/xuartlite_intr_tapp_example.c:71:21: fatal error: xscugic.h: No such file or directory
 #include "xscugic.h"
                     ^
compilation terminated.
make: *** [src/xuartlite_intr_tapp_example.o] Error 1
21:36:18 **** Auto Build of configuration Debug for project project2 ****
make all 
'Building file: ../src/serial_audio_lib.c'
'Invoking: MicroBlaze gcc compiler'
mb-gcc -Wall -O0 -g3 -c -fmessage-length=0 -MT"src/serial_audio_lib.o" -I../../project2_bsp/microblaze_0/include -mlittle-endian -mcpu=v10.0 -mxl-soft-mul -Wl,--no-relax -ffunction-sections -fdata-sections -MMD -MP -MF"src/serial_audio_lib.d" -MT"src/serial_audio_lib.o" -o "src/serial_audio_lib.o" "../src/serial_audio_lib.c"
'Finished building: ../src/serial_audio_lib.c'
' '
'Building target: project2.elf'
'Invoking: MicroBlaze gcc linker'
mb-gcc -Wl,-T -Wl,../src/lscript.ld -L../../project2_bsp/microblaze_0/lib -mlittle-endian -mcpu=v10.0 -mxl-soft-mul -Wl,--no-relax -Wl,--gc-sections -o "project2.elf"  ./src/audio_fifo.o ./src/codec.o ./src/main.o ./src/platform.o ./src/serial_audio_lib.o   -Wl,--start-group,-lxil,-lgcc,-lc,--end-group
'Finished building target: project2.elf'
' '
'Invoking: MicroBlaze Print Size'
mb-size project2.elf  |tee "project2.elf.size"
   text	   data	    bss	    dec	    hex	filename
  26032	   1312	  19560	  46904	   b738	project2.elf
'Finished building: project2.elf.size'
' '
21:36:45 **** Auto Build of configuration Debug for project project2 ****
make all 
'Building file: ../src/main.c'
'Invoking: MicroBlaze gcc compiler'
mb-gcc -Wall -O0 -g3 -c -fmessage-length=0 -MT"src/main.o" -I../../project2_bsp/microblaze_0/include -mlittle-endian -mcpu=v10.0 -mxl-soft-mul -Wl,--no-relax -ffunction-sections -fdata-sections -MMD -MP -MF"src/main.d" -MT"src/main.o" -o "src/main.o" "../src/main.c"
'Finished building: ../src/main.c'
' '
'Building target: project2.elf'
'Invoking: MicroBlaze gcc linker'
mb-gcc -Wl,-T -Wl,../src/lscript.ld -L../../project2_bsp/microblaze_0/lib -mlittle-endian -mcpu=v10.0 -mxl-soft-mul -Wl,--no-relax -Wl,--gc-sections -o "project2.elf"  ./src/audio_fifo.o ./src/codec.o ./src/main.o ./src/platform.o ./src/serial_audio_lib.o   -Wl,--start-group,-lxil,-lgcc,-lc,--end-group
'Finished building target: project2.elf'
' '
'Invoking: MicroBlaze Print Size'
mb-size project2.elf  |tee "project2.elf.size"
   text	   data	    bss	    dec	    hex	filename
  26936	   1312	  19560	  47808	   bac0	project2.elf
'Finished building: project2.elf.size'
' '
21:36:46 **** Incremental Build of configuration Debug for project project2 ****
make all 
make: Nothing to be done for `all'.
21:36:46 **** Incremental Build of configuration Debug for project project2_bsp_xspi_intr_example_1 ****
make all 
'Building file: ../src/xspi_intr_example.c'
'Invoking: MicroBlaze gcc compiler'
mb-gcc -Wall -O0 -g3 -c -fmessage-length=0 -MT"src/xspi_intr_example.o" -I../../project2_bsp/microblaze_0/include -mlittle-endian -mcpu=v10.0 -mxl-soft-mul -Wl,--no-relax -ffunction-sections -fdata-sections -MMD -MP -MF"src/xspi_intr_example.d" -MT"src/xspi_intr_example.o" -o "src/xspi_intr_example.o" "../src/xspi_intr_example.c"
../src/xspi_intr_example.c:77:22: fatal error: xscugic.h: No such file or directory
  #include "xscugic.h"
                      ^
compilation terminated.
make: *** [src/xspi_intr_example.o] Error 1
21:36:46 **** Incremental Build of configuration Debug for project project2_bsp_xspi_polled_example_1 ****
make all 
make: Nothing to be done for `all'.
21:36:47 **** Incremental Build of configuration Debug for project project2_bsp_xspi_selftest_example_1 ****
make all 
make: Nothing to be done for `all'.
21:36:47 **** Incremental Build of configuration Debug for project project2_bsp_xspi_slave_polled_example_1 ****
make all 
make: Nothing to be done for `all'.
21:36:47 **** Incremental Build of configuration Debug for project project2_bsp_xuartlite_intr_tapp_example_1 ****
make all 
'Building file: ../src/xuartlite_intr_tapp_example.c'
'Invoking: MicroBlaze gcc compiler'
mb-gcc -Wall -O0 -g3 -c -fmessage-length=0 -MT"src/xuartlite_intr_tapp_example.o" -I../../project2_bsp/microblaze_0/include -mlittle-endian -mcpu=v10.0 -mxl-soft-mul -Wl,--no-relax -ffunction-sections -fdata-sections -MMD -MP -MF"src/xuartlite_intr_tapp_example.d" -MT"src/xuartlite_intr_tapp_example.o" -o "src/xuartlite_intr_tapp_example.o" "../src/xuartlite_intr_tapp_example.c"
../src/xuartlite_intr_tapp_example.c:71:21: fatal error: xscugic.h: No such file or directory
 #include "xscugic.h"
                     ^
compilation terminated.
make: *** [src/xuartlite_intr_tapp_example.o] Error 1
21:38:16 **** Auto Build of configuration Debug for project project2 ****
make all 
'Building file: ../src/serial_audio_lib.c'
'Invoking: MicroBlaze gcc compiler'
mb-gcc -Wall -O0 -g3 -c -fmessage-length=0 -MT"src/serial_audio_lib.o" -I../../project2_bsp/microblaze_0/include -mlittle-endian -mcpu=v10.0 -mxl-soft-mul -Wl,--no-relax -ffunction-sections -fdata-sections -MMD -MP -MF"src/serial_audio_lib.d" -MT"src/serial_audio_lib.o" -o "src/serial_audio_lib.o" "../src/serial_audio_lib.c"
'Finished building: ../src/serial_audio_lib.c'
' '
'Building target: project2.elf'
'Invoking: MicroBlaze gcc linker'
mb-gcc -Wl,-T -Wl,../src/lscript.ld -L../../project2_bsp/microblaze_0/lib -mlittle-endian -mcpu=v10.0 -mxl-soft-mul -Wl,--no-relax -Wl,--gc-sections -o "project2.elf"  ./src/audio_fifo.o ./src/codec.o ./src/main.o ./src/platform.o ./src/serial_audio_lib.o   -Wl,--start-group,-lxil,-lgcc,-lc,--end-group
'Finished building target: project2.elf'
' '
'Invoking: MicroBlaze Print Size'
mb-size project2.elf  |tee "project2.elf.size"
   text	   data	    bss	    dec	    hex	filename
  27044	   1312	  19564	  47920	   bb30	project2.elf
'Finished building: project2.elf.size'
' '
21:39:40 **** Auto Build of configuration Debug for project project2 ****
make all 
'Building file: ../src/serial_audio_lib.c'
'Invoking: MicroBlaze gcc compiler'
mb-gcc -Wall -O0 -g3 -c -fmessage-length=0 -MT"src/serial_audio_lib.o" -I../../project2_bsp/microblaze_0/include -mlittle-endian -mcpu=v10.0 -mxl-soft-mul -Wl,--no-relax -ffunction-sections -fdata-sections -MMD -MP -MF"src/serial_audio_lib.d" -MT"src/serial_audio_lib.o" -o "src/serial_audio_lib.o" "../src/serial_audio_lib.c"
'Finished building: ../src/serial_audio_lib.c'
' '
'Building target: project2.elf'
'Invoking: MicroBlaze gcc linker'
mb-gcc -Wl,-T -Wl,../src/lscript.ld -L../../project2_bsp/microblaze_0/lib -mlittle-endian -mcpu=v10.0 -mxl-soft-mul -Wl,--no-relax -Wl,--gc-sections -o "project2.elf"  ./src/audio_fifo.o ./src/codec.o ./src/main.o ./src/platform.o ./src/serial_audio_lib.o   -Wl,--start-group,-lxil,-lgcc,-lc,--end-group
'Finished building target: project2.elf'
' '
'Invoking: MicroBlaze Print Size'
mb-size project2.elf  |tee "project2.elf.size"
   text	   data	    bss	    dec	    hex	filename
  27264	   1312	  19560	  48136	   bc08	project2.elf
'Finished building: project2.elf.size'
' '
21:40:11 **** Auto Build of configuration Debug for project project2 ****
make all 
'Building file: ../src/serial_audio_lib.c'
'Invoking: MicroBlaze gcc compiler'
mb-gcc -Wall -O0 -g3 -c -fmessage-length=0 -MT"src/serial_audio_lib.o" -I../../project2_bsp/microblaze_0/include -mlittle-endian -mcpu=v10.0 -mxl-soft-mul -Wl,--no-relax -ffunction-sections -fdata-sections -MMD -MP -MF"src/serial_audio_lib.d" -MT"src/serial_audio_lib.o" -o "src/serial_audio_lib.o" "../src/serial_audio_lib.c"
../src/serial_audio_lib.c:131:13: warning: 'dump_audio_to_fifo' defined but not used [-Wunused-function]
 static void dump_audio_to_fifo(void) {
             ^~~~~~~~~~~~~~~~~~
'Finished building: ../src/serial_audio_lib.c'
' '
'Building target: project2.elf'
'Invoking: MicroBlaze gcc linker'
mb-gcc -Wl,-T -Wl,../src/lscript.ld -L../../project2_bsp/microblaze_0/lib -mlittle-endian -mcpu=v10.0 -mxl-soft-mul -Wl,--no-relax -Wl,--gc-sections -o "project2.elf"  ./src/audio_fifo.o ./src/codec.o ./src/main.o ./src/platform.o ./src/serial_audio_lib.o   -Wl,--start-group,-lxil,-lgcc,-lc,--end-group
'Finished building target: project2.elf'
' '
'Invoking: MicroBlaze Print Size'
mb-size project2.elf  |tee "project2.elf.size"
   text	   data	    bss	    dec	    hex	filename
  27032	   1312	  19560	  47904	   bb20	project2.elf
'Finished building: project2.elf.size'
' '
21:40:35 **** Auto Build of configuration Debug for project project2 ****
make all 
'Building file: ../src/serial_audio_lib.c'
'Invoking: MicroBlaze gcc compiler'
mb-gcc -Wall -O0 -g3 -c -fmessage-length=0 -MT"src/serial_audio_lib.o" -I../../project2_bsp/microblaze_0/include -mlittle-endian -mcpu=v10.0 -mxl-soft-mul -Wl,--no-relax -ffunction-sections -fdata-sections -MMD -MP -MF"src/serial_audio_lib.d" -MT"src/serial_audio_lib.o" -o "src/serial_audio_lib.o" "../src/serial_audio_lib.c"
'Finished building: ../src/serial_audio_lib.c'
' '
'Building target: project2.elf'
'Invoking: MicroBlaze gcc linker'
mb-gcc -Wl,-T -Wl,../src/lscript.ld -L../../project2_bsp/microblaze_0/lib -mlittle-endian -mcpu=v10.0 -mxl-soft-mul -Wl,--no-relax -Wl,--gc-sections -o "project2.elf"  ./src/audio_fifo.o ./src/codec.o ./src/main.o ./src/platform.o ./src/serial_audio_lib.o   -Wl,--start-group,-lxil,-lgcc,-lc,--end-group
'Finished building target: project2.elf'
' '
'Invoking: MicroBlaze Print Size'
mb-size project2.elf  |tee "project2.elf.size"
   text	   data	    bss	    dec	    hex	filename
  27412	   1312	  19564	  48288	   bca0	project2.elf
'Finished building: project2.elf.size'
' '
21:41:37 **** Auto Build of configuration Debug for project project2 ****
make all 
'Building file: ../src/serial_audio_lib.c'
'Invoking: MicroBlaze gcc compiler'
mb-gcc -Wall -O0 -g3 -c -fmessage-length=0 -MT"src/serial_audio_lib.o" -I../../project2_bsp/microblaze_0/include -mlittle-endian -mcpu=v10.0 -mxl-soft-mul -Wl,--no-relax -ffunction-sections -fdata-sections -MMD -MP -MF"src/serial_audio_lib.d" -MT"src/serial_audio_lib.o" -o "src/serial_audio_lib.o" "../src/serial_audio_lib.c"
In file included from ../src/serial_audio_lib.c:8:0:
../src/serial_audio_lib.c: In function 'play_loaded_file_loop':
../src/serial_audio_lib.c:149:32: error: 'BaseAddress' undeclared (first use in this function)
   if (XUartLite_IsReceiveEmpty(BaseAddress)) {
                                ^
../../project2_bsp/microblaze_0/include/xuartlite_l.h:193:18: note: in definition of macro 'XUartLite_ReadReg'
  XUartLite_In32((BaseAddress) + (RegOffset))
                  ^~~~~~~~~~~
../../project2_bsp/microblaze_0/include/xuartlite_l.h:247:5: note: in expansion of macro 'XUartLite_GetStatusReg'
   ((XUartLite_GetStatusReg((BaseAddress)) & XUL_SR_RX_FIFO_VALID_DATA) != \
     ^~~~~~~~~~~~~~~~~~~~~~
../src/serial_audio_lib.c:149:7: note: in expansion of macro 'XUartLite_IsReceiveEmpty'
   if (XUartLite_IsReceiveEmpty(BaseAddress)) {
       ^~~~~~~~~~~~~~~~~~~~~~~~
../src/serial_audio_lib.c:149:32: note: each undeclared identifier is reported only once for each function it appears in
   if (XUartLite_IsReceiveEmpty(BaseAddress)) {
                                ^
../../project2_bsp/microblaze_0/include/xuartlite_l.h:193:18: note: in definition of macro 'XUartLite_ReadReg'
  XUartLite_In32((BaseAddress) + (RegOffset))
                  ^~~~~~~~~~~
../../project2_bsp/microblaze_0/include/xuartlite_l.h:247:5: note: in expansion of macro 'XUartLite_GetStatusReg'
   ((XUartLite_GetStatusReg((BaseAddress)) & XUL_SR_RX_FIFO_VALID_DATA) != \
     ^~~~~~~~~~~~~~~~~~~~~~
../src/serial_audio_lib.c:149:7: note: in expansion of macro 'XUartLite_IsReceiveEmpty'
   if (XUartLite_IsReceiveEmpty(BaseAddress)) {
       ^~~~~~~~~~~~~~~~~~~~~~~~
make: *** [src/serial_audio_lib.o] Error 1
21:42:49 **** Auto Build of configuration Debug for project project2 ****
make all 
'Building file: ../src/serial_audio_lib.c'
'Invoking: MicroBlaze gcc compiler'
mb-gcc -Wall -O0 -g3 -c -fmessage-length=0 -MT"src/serial_audio_lib.o" -I../../project2_bsp/microblaze_0/include -mlittle-endian -mcpu=v10.0 -mxl-soft-mul -Wl,--no-relax -ffunction-sections -fdata-sections -MMD -MP -MF"src/serial_audio_lib.d" -MT"src/serial_audio_lib.o" -o "src/serial_audio_lib.o" "../src/serial_audio_lib.c"
'Finished building: ../src/serial_audio_lib.c'
' '
'Building target: project2.elf'
'Invoking: MicroBlaze gcc linker'
mb-gcc -Wl,-T -Wl,../src/lscript.ld -L../../project2_bsp/microblaze_0/lib -mlittle-endian -mcpu=v10.0 -mxl-soft-mul -Wl,--no-relax -Wl,--gc-sections -o "project2.elf"  ./src/audio_fifo.o ./src/codec.o ./src/main.o ./src/platform.o ./src/serial_audio_lib.o   -Wl,--start-group,-lxil,-lgcc,-lc,--end-group
'Finished building target: project2.elf'
' '
'Invoking: MicroBlaze Print Size'
mb-size project2.elf  |tee "project2.elf.size"
   text	   data	    bss	    dec	    hex	filename
  27492	   1312	  19564	  48368	   bcf0	project2.elf
'Finished building: project2.elf.size'
' '
21:42:54 **** Auto Build of configuration Debug for project project2 ****
make all 
'Building file: ../src/serial_audio_lib.c'
'Invoking: MicroBlaze gcc compiler'
mb-gcc -Wall -O0 -g3 -c -fmessage-length=0 -MT"src/serial_audio_lib.o" -I../../project2_bsp/microblaze_0/include -mlittle-endian -mcpu=v10.0 -mxl-soft-mul -Wl,--no-relax -ffunction-sections -fdata-sections -MMD -MP -MF"src/serial_audio_lib.d" -MT"src/serial_audio_lib.o" -o "src/serial_audio_lib.o" "../src/serial_audio_lib.c"
'Finished building: ../src/serial_audio_lib.c'
' '
'Building target: project2.elf'
'Invoking: MicroBlaze gcc linker'
mb-gcc -Wl,-T -Wl,../src/lscript.ld -L../../project2_bsp/microblaze_0/lib -mlittle-endian -mcpu=v10.0 -mxl-soft-mul -Wl,--no-relax -Wl,--gc-sections -o "project2.elf"  ./src/audio_fifo.o ./src/codec.o ./src/main.o ./src/platform.o ./src/serial_audio_lib.o   -Wl,--start-group,-lxil,-lgcc,-lc,--end-group
'Finished building target: project2.elf'
' '
'Invoking: MicroBlaze Print Size'
mb-size project2.elf  |tee "project2.elf.size"
   text	   data	    bss	    dec	    hex	filename
  27492	   1312	  19564	  48368	   bcf0	project2.elf
'Finished building: project2.elf.size'
' '
21:43:40 **** Auto Build of configuration Debug for project project2 ****
make all 
'Building file: ../src/serial_audio_lib.c'
'Invoking: MicroBlaze gcc compiler'
mb-gcc -Wall -O0 -g3 -c -fmessage-length=0 -MT"src/serial_audio_lib.o" -I../../project2_bsp/microblaze_0/include -mlittle-endian -mcpu=v10.0 -mxl-soft-mul -Wl,--no-relax -ffunction-sections -fdata-sections -MMD -MP -MF"src/serial_audio_lib.d" -MT"src/serial_audio_lib.o" -o "src/serial_audio_lib.o" "../src/serial_audio_lib.c"
In file included from ../src/serial_audio_lib.c:8:0:
../src/serial_audio_lib.c: In function 'play_loaded_file_loop':
../src/serial_audio_lib.c:151:34: error: 'BaseAddress' undeclared (first use in this function)
    stop_char = XUartLite_ReadReg(BaseAddress, XUL_RX_FIFO_OFFSET);
                                  ^
../../project2_bsp/microblaze_0/include/xuartlite_l.h:193:18: note: in definition of macro 'XUartLite_ReadReg'
  XUartLite_In32((BaseAddress) + (RegOffset))
                  ^~~~~~~~~~~
../src/serial_audio_lib.c:151:34: note: each undeclared identifier is reported only once for each function it appears in
    stop_char = XUartLite_ReadReg(BaseAddress, XUL_RX_FIFO_OFFSET);
                                  ^
../../project2_bsp/microblaze_0/include/xuartlite_l.h:193:18: note: in definition of macro 'XUartLite_ReadReg'
  XUartLite_In32((BaseAddress) + (RegOffset))
                  ^~~~~~~~~~~
../src/serial_audio_lib.c:146:10: warning: variable 'stop_char' set but not used [-Wunused-but-set-variable]
  uint8_t stop_char;
          ^~~~~~~~~
make: *** [src/serial_audio_lib.o] Error 1
21:43:44 **** Auto Build of configuration Debug for project project2 ****
make all 
'Building file: ../src/serial_audio_lib.c'
'Invoking: MicroBlaze gcc compiler'
mb-gcc -Wall -O0 -g3 -c -fmessage-length=0 -MT"src/serial_audio_lib.o" -I../../project2_bsp/microblaze_0/include -mlittle-endian -mcpu=v10.0 -mxl-soft-mul -Wl,--no-relax -ffunction-sections -fdata-sections -MMD -MP -MF"src/serial_audio_lib.d" -MT"src/serial_audio_lib.o" -o "src/serial_audio_lib.o" "../src/serial_audio_lib.c"
../src/serial_audio_lib.c: In function 'play_loaded_file_loop':
../src/serial_audio_lib.c:146:10: warning: variable 'stop_char' set but not used [-Wunused-but-set-variable]
  uint8_t stop_char;
          ^~~~~~~~~
'Finished building: ../src/serial_audio_lib.c'
' '
'Building target: project2.elf'
'Invoking: MicroBlaze gcc linker'
mb-gcc -Wl,-T -Wl,../src/lscript.ld -L../../project2_bsp/microblaze_0/lib -mlittle-endian -mcpu=v10.0 -mxl-soft-mul -Wl,--no-relax -Wl,--gc-sections -o "project2.elf"  ./src/audio_fifo.o ./src/codec.o ./src/main.o ./src/platform.o ./src/serial_audio_lib.o   -Wl,--start-group,-lxil,-lgcc,-lc,--end-group
'Finished building target: project2.elf'
' '
'Invoking: MicroBlaze Print Size'
mb-size project2.elf  |tee "project2.elf.size"
   text	   data	    bss	    dec	    hex	filename
  27528	   1312	  19560	  48400	   bd10	project2.elf
'Finished building: project2.elf.size'
' '
21:44:08 **** Auto Build of configuration Debug for project project2 ****
make all 
'Building file: ../src/serial_audio_lib.c'
'Invoking: MicroBlaze gcc compiler'
mb-gcc -Wall -O0 -g3 -c -fmessage-length=0 -MT"src/serial_audio_lib.o" -I../../project2_bsp/microblaze_0/include -mlittle-endian -mcpu=v10.0 -mxl-soft-mul -Wl,--no-relax -ffunction-sections -fdata-sections -MMD -MP -MF"src/serial_audio_lib.d" -MT"src/serial_audio_lib.o" -o "src/serial_audio_lib.o" "../src/serial_audio_lib.c"
../src/serial_audio_lib.c: In function 'play_loaded_file_loop':
../src/serial_audio_lib.c:154:3: error: expected expression before '}' token
   }
   ^
make: *** [src/serial_audio_lib.o] Error 1
21:44:21 **** Auto Build of configuration Debug for project project2 ****
make all 
'Building file: ../src/serial_audio_lib.c'
'Invoking: MicroBlaze gcc compiler'
mb-gcc -Wall -O0 -g3 -c -fmessage-length=0 -MT"src/serial_audio_lib.o" -I../../project2_bsp/microblaze_0/include -mlittle-endian -mcpu=v10.0 -mxl-soft-mul -Wl,--no-relax -ffunction-sections -fdata-sections -MMD -MP -MF"src/serial_audio_lib.d" -MT"src/serial_audio_lib.o" -o "src/serial_audio_lib.o" "../src/serial_audio_lib.c"
'Finished building: ../src/serial_audio_lib.c'
' '
'Building target: project2.elf'
'Invoking: MicroBlaze gcc linker'
mb-gcc -Wl,-T -Wl,../src/lscript.ld -L../../project2_bsp/microblaze_0/lib -mlittle-endian -mcpu=v10.0 -mxl-soft-mul -Wl,--no-relax -Wl,--gc-sections -o "project2.elf"  ./src/audio_fifo.o ./src/codec.o ./src/main.o ./src/platform.o ./src/serial_audio_lib.o   -Wl,--start-group,-lxil,-lgcc,-lc,--end-group
'Finished building target: project2.elf'
' '
'Invoking: MicroBlaze Print Size'
mb-size project2.elf  |tee "project2.elf.size"
   text	   data	    bss	    dec	    hex	filename
  27588	   1312	  19564	  48464	   bd50	project2.elf
'Finished building: project2.elf.size'
' '
21:44:50 **** Auto Build of configuration Debug for project project2 ****
make all 
'Building file: ../src/serial_audio_lib.c'
'Invoking: MicroBlaze gcc compiler'
mb-gcc -Wall -O0 -g3 -c -fmessage-length=0 -MT"src/serial_audio_lib.o" -I../../project2_bsp/microblaze_0/include -mlittle-endian -mcpu=v10.0 -mxl-soft-mul -Wl,--no-relax -ffunction-sections -fdata-sections -MMD -MP -MF"src/serial_audio_lib.d" -MT"src/serial_audio_lib.o" -o "src/serial_audio_lib.o" "../src/serial_audio_lib.c"
../src/serial_audio_lib.c: In function 'play_loaded_file_loop':
../src/serial_audio_lib.c:160:2: error: too few arguments to function 'xil_printf'
  xil_printf()
  ^~~~~~~~~~
In file included from c:\xilinx\sdk\2017.4\gnu\microblaze\nt\microblaze-xilinx-elf\include\stdlib.h:11:0,
                 from ../src/serial_audio_lib.c:5:
c:\xilinx\sdk\2017.4\gnu\microblaze\nt\microblaze-xilinx-elf\include\stdio.h:229:9: note: declared here
 void    _EXFUN(xil_printf, (const char*, ...));
         ^
../src/serial_audio_lib.c:161:1: error: expected ';' before '}' token
 }
 ^
make: *** [src/serial_audio_lib.o] Error 1
21:45:00 **** Auto Build of configuration Debug for project project2 ****
make all 
'Building file: ../src/serial_audio_lib.c'
'Invoking: MicroBlaze gcc compiler'
mb-gcc -Wall -O0 -g3 -c -fmessage-length=0 -MT"src/serial_audio_lib.o" -I../../project2_bsp/microblaze_0/include -mlittle-endian -mcpu=v10.0 -mxl-soft-mul -Wl,--no-relax -ffunction-sections -fdata-sections -MMD -MP -MF"src/serial_audio_lib.d" -MT"src/serial_audio_lib.o" -o "src/serial_audio_lib.o" "../src/serial_audio_lib.c"
'Finished building: ../src/serial_audio_lib.c'
' '
'Building target: project2.elf'
'Invoking: MicroBlaze gcc linker'
mb-gcc -Wl,-T -Wl,../src/lscript.ld -L../../project2_bsp/microblaze_0/lib -mlittle-endian -mcpu=v10.0 -mxl-soft-mul -Wl,--no-relax -Wl,--gc-sections -o "project2.elf"  ./src/audio_fifo.o ./src/codec.o ./src/main.o ./src/platform.o ./src/serial_audio_lib.o   -Wl,--start-group,-lxil,-lgcc,-lc,--end-group
'Finished building target: project2.elf'
' '
'Invoking: MicroBlaze Print Size'
mb-size project2.elf  |tee "project2.elf.size"
   text	   data	    bss	    dec	    hex	filename
  27640	   1312	  19560	  48512	   bd80	project2.elf
'Finished building: project2.elf.size'
' '
21:45:03 **** Auto Build of configuration Debug for project project2 ****
make all 
'Building file: ../src/serial_audio_lib.c'
'Invoking: MicroBlaze gcc compiler'
mb-gcc -Wall -O0 -g3 -c -fmessage-length=0 -MT"src/serial_audio_lib.o" -I../../project2_bsp/microblaze_0/include -mlittle-endian -mcpu=v10.0 -mxl-soft-mul -Wl,--no-relax -ffunction-sections -fdata-sections -MMD -MP -MF"src/serial_audio_lib.d" -MT"src/serial_audio_lib.o" -o "src/serial_audio_lib.o" "../src/serial_audio_lib.c"
'Finished building: ../src/serial_audio_lib.c'
' '
'Building target: project2.elf'
'Invoking: MicroBlaze gcc linker'
mb-gcc -Wl,-T -Wl,../src/lscript.ld -L../../project2_bsp/microblaze_0/lib -mlittle-endian -mcpu=v10.0 -mxl-soft-mul -Wl,--no-relax -Wl,--gc-sections -o "project2.elf"  ./src/audio_fifo.o ./src/codec.o ./src/main.o ./src/platform.o ./src/serial_audio_lib.o   -Wl,--start-group,-lxil,-lgcc,-lc,--end-group
'Finished building target: project2.elf'
' '
'Invoking: MicroBlaze Print Size'
mb-size project2.elf  |tee "project2.elf.size"
   text	   data	    bss	    dec	    hex	filename
  27640	   1312	  19560	  48512	   bd80	project2.elf
'Finished building: project2.elf.size'
' '
21:45:06 **** Incremental Build of configuration Debug for project project2 ****
make all 
make: Nothing to be done for `all'.
21:45:06 **** Incremental Build of configuration Debug for project project2_bsp_xspi_intr_example_1 ****
make all 
'Building file: ../src/xspi_intr_example.c'
'Invoking: MicroBlaze gcc compiler'
mb-gcc -Wall -O0 -g3 -c -fmessage-length=0 -MT"src/xspi_intr_example.o" -I../../project2_bsp/microblaze_0/include -mlittle-endian -mcpu=v10.0 -mxl-soft-mul -Wl,--no-relax -ffunction-sections -fdata-sections -MMD -MP -MF"src/xspi_intr_example.d" -MT"src/xspi_intr_example.o" -o "src/xspi_intr_example.o" "../src/xspi_intr_example.c"
../src/xspi_intr_example.c:77:22: fatal error: xscugic.h: No such file or directory
  #include "xscugic.h"
                      ^
compilation terminated.
make: *** [src/xspi_intr_example.o] Error 1
21:45:06 **** Incremental Build of configuration Debug for project project2_bsp_xspi_polled_example_1 ****
make all 
make: Nothing to be done for `all'.
21:45:07 **** Incremental Build of configuration Debug for project project2_bsp_xspi_selftest_example_1 ****
make all 
make: Nothing to be done for `all'.
21:45:07 **** Incremental Build of configuration Debug for project project2_bsp_xspi_slave_polled_example_1 ****
make all 
make: Nothing to be done for `all'.
21:45:07 **** Incremental Build of configuration Debug for project project2_bsp_xuartlite_intr_tapp_example_1 ****
make all 
'Building file: ../src/xuartlite_intr_tapp_example.c'
'Invoking: MicroBlaze gcc compiler'
[...]
'Invoking: MicroBlaze gcc compiler'
mb-gcc -Wall -O0 -g3 -c -fmessage-length=0 -MT"src/main.o" -I../../project2_bsp/microblaze_0/include -mlittle-endian -mcpu=v10.0 -mxl-soft-mul -Wl,--no-relax -ffunction-sections -fdata-sections -MMD -MP -MF"src/main.d" -MT"src/main.o" -o "src/main.o" "../src/main.c"
'Finished building: ../src/main.c'
' '
'Building file: ../src/serial_audio_lib.c'
'Invoking: MicroBlaze gcc compiler'
mb-gcc -Wall -O0 -g3 -c -fmessage-length=0 -MT"src/serial_audio_lib.o" -I../../project2_bsp/microblaze_0/include -mlittle-endian -mcpu=v10.0 -mxl-soft-mul -Wl,--no-relax -ffunction-sections -fdata-sections -MMD -MP -MF"src/serial_audio_lib.d" -MT"src/serial_audio_lib.o" -o "src/serial_audio_lib.o" "../src/serial_audio_lib.c"
'Finished building: ../src/serial_audio_lib.c'
' '
'Building target: project2.elf'
'Invoking: MicroBlaze gcc linker'
mb-gcc -Wl,-T -Wl,../src/lscript.ld -L../../project2_bsp/microblaze_0/lib -mlittle-endian -mcpu=v10.0 -mxl-soft-mul -Wl,--no-relax -Wl,--gc-sections -o "project2.elf"  ./src/audio_fifo.o ./src/codec.o ./src/main.o ./src/platform.o ./src/serial_audio_lib.o   -Wl,--start-group,-lxil,-lgcc,-lc,--end-group
'Finished building target: project2.elf'
' '
'Invoking: MicroBlaze Print Size'
mb-size project2.elf  |tee "project2.elf.size"
   text	   data	    bss	    dec	    hex	filename
  34056	   1344	  19568	  54968	   d6b8	project2.elf
'Finished building: project2.elf.size'
' '
21:46:43 **** Auto Build of configuration Debug for project project2 ****
make all 
'Building file: ../src/serial_audio_lib.c'
'Invoking: MicroBlaze gcc compiler'
mb-gcc -Wall -O0 -g3 -c -fmessage-length=0 -MT"src/serial_audio_lib.o" -I../../project2_bsp/microblaze_0/include -mlittle-endian -mcpu=v10.0 -mxl-soft-mul -Wl,--no-relax -ffunction-sections -fdata-sections -MMD -MP -MF"src/serial_audio_lib.d" -MT"src/serial_audio_lib.o" -o "src/serial_audio_lib.o" "../src/serial_audio_lib.c"
'Finished building: ../src/serial_audio_lib.c'
' '
'Building target: project2.elf'
'Invoking: MicroBlaze gcc linker'
mb-gcc -Wl,-T -Wl,../src/lscript.ld -L../../project2_bsp/microblaze_0/lib -mlittle-endian -mcpu=v10.0 -mxl-soft-mul -Wl,--no-relax -Wl,--gc-sections -o "project2.elf"  ./src/audio_fifo.o ./src/codec.o ./src/main.o ./src/platform.o ./src/serial_audio_lib.o   -Wl,--start-group,-lxil,-lgcc,-lc,--end-group
'Finished building target: project2.elf'
' '
'Invoking: MicroBlaze Print Size'
mb-size project2.elf  |tee "project2.elf.size"
   text	   data	    bss	    dec	    hex	filename
  34056	   1344	  19568	  54968	   d6b8	project2.elf
'Finished building: project2.elf.size'
' '
21:47:08 **** Incremental Build of configuration Debug for project project2 ****
make all 
make: Nothing to be done for `all'.
21:47:09 **** Incremental Build of configuration Debug for project project2_bsp_xspi_intr_example_1 ****
make all 
'Building file: ../src/xspi_intr_example.c'
'Invoking: MicroBlaze gcc compiler'
mb-gcc -Wall -O0 -g3 -c -fmessage-length=0 -MT"src/xspi_intr_example.o" -I../../project2_bsp/microblaze_0/include -mlittle-endian -mcpu=v10.0 -mxl-soft-mul -Wl,--no-relax -ffunction-sections -fdata-sections -MMD -MP -MF"src/xspi_intr_example.d" -MT"src/xspi_intr_example.o" -o "src/xspi_intr_example.o" "../src/xspi_intr_example.c"
../src/xspi_intr_example.c:77:22: fatal error: xscugic.h: No such file or directory
  #include "xscugic.h"
                      ^
compilation terminated.
make: *** [src/xspi_intr_example.o] Error 1
21:47:09 **** Incremental Build of configuration Debug for project project2_bsp_xspi_polled_example_1 ****
make all 
make: Nothing to be done for `all'.
21:47:09 **** Incremental Build of configuration Debug for project project2_bsp_xspi_selftest_example_1 ****
make all 
make: Nothing to be done for `all'.
21:47:10 **** Incremental Build of configuration Debug for project project2_bsp_xspi_slave_polled_example_1 ****
make all 
make: Nothing to be done for `all'.
21:47:10 **** Incremental Build of configuration Debug for project project2_bsp_xuartlite_intr_tapp_example_1 ****
make all 
'Building file: ../src/xuartlite_intr_tapp_example.c'
'Invoking: MicroBlaze gcc compiler'
mb-gcc -Wall -O0 -g3 -c -fmessage-length=0 -MT"src/xuartlite_intr_tapp_example.o" -I../../project2_bsp/microblaze_0/include -mlittle-endian -mcpu=v10.0 -mxl-soft-mul -Wl,--no-relax -ffunction-sections -fdata-sections -MMD -MP -MF"src/xuartlite_intr_tapp_example.d" -MT"src/xuartlite_intr_tapp_example.o" -o "src/xuartlite_intr_tapp_example.o" "../src/xuartlite_intr_tapp_example.c"
../src/xuartlite_intr_tapp_example.c:71:21: fatal error: xscugic.h: No such file or directory
 #include "xscugic.h"
                     ^
compilation terminated.
make: *** [src/xuartlite_intr_tapp_example.o] Error 1
21:47:32 **** Incremental Build of configuration Debug for project project2 ****
make all 
make: Nothing to be done for `all'.
21:47:33 **** Incremental Build of configuration Debug for project project2_bsp_xspi_intr_example_1 ****
make all 
'Building file: ../src/xspi_intr_example.c'
'Invoking: MicroBlaze gcc compiler'
mb-gcc -Wall -O0 -g3 -c -fmessage-length=0 -MT"src/xspi_intr_example.o" -I../../project2_bsp/microblaze_0/include -mlittle-endian -mcpu=v10.0 -mxl-soft-mul -Wl,--no-relax -ffunction-sections -fdata-sections -MMD -MP -MF"src/xspi_intr_example.d" -MT"src/xspi_intr_example.o" -o "src/xspi_intr_example.o" "../src/xspi_intr_example.c"
../src/xspi_intr_example.c:77:22: fatal error: xscugic.h: No such file or directory
  #include "xscugic.h"
                      ^
compilation terminated.
make: *** [src/xspi_intr_example.o] Error 1
21:47:33 **** Incremental Build of configuration Debug for project project2_bsp_xspi_polled_example_1 ****
make all 
make: Nothing to be done for `all'.
21:47:34 **** Incremental Build of configuration Debug for project project2_bsp_xspi_selftest_example_1 ****
make all 
make: Nothing to be done for `all'.
21:47:34 **** Incremental Build of configuration Debug for project project2_bsp_xspi_slave_polled_example_1 ****
make all 
make: Nothing to be done for `all'.
21:47:34 **** Incremental Build of configuration Debug for project project2_bsp_xuartlite_intr_tapp_example_1 ****
make all 
'Building file: ../src/xuartlite_intr_tapp_example.c'
'Invoking: MicroBlaze gcc compiler'
mb-gcc -Wall -O0 -g3 -c -fmessage-length=0 -MT"src/xuartlite_intr_tapp_example.o" -I../../project2_bsp/microblaze_0/include -mlittle-endian -mcpu=v10.0 -mxl-soft-mul -Wl,--no-relax -ffunction-sections -fdata-sections -MMD -MP -MF"src/xuartlite_intr_tapp_example.d" -MT"src/xuartlite_intr_tapp_example.o" -o "src/xuartlite_intr_tapp_example.o" "../src/xuartlite_intr_tapp_example.c"
../src/xuartlite_intr_tapp_example.c:71:21: fatal error: xscugic.h: No such file or directory
 #include "xscugic.h"
                     ^
compilation terminated.
make: *** [src/xuartlite_intr_tapp_example.o] Error 1
21:48:12 **** Incremental Build of configuration Debug for project project2 ****
make all 
make: Nothing to be done for `all'.
21:48:12 **** Incremental Build of configuration Debug for project project2_bsp_xspi_intr_example_1 ****
make all 
'Building file: ../src/xspi_intr_example.c'
'Invoking: MicroBlaze gcc compiler'
mb-gcc -Wall -O0 -g3 -c -fmessage-length=0 -MT"src/xspi_intr_example.o" -I../../project2_bsp/microblaze_0/include -mlittle-endian -mcpu=v10.0 -mxl-soft-mul -Wl,--no-relax -ffunction-sections -fdata-sections -MMD -MP -MF"src/xspi_intr_example.d" -MT"src/xspi_intr_example.o" -o "src/xspi_intr_example.o" "../src/xspi_intr_example.c"
../src/xspi_intr_example.c:77:22: fatal error: xscugic.h: No such file or directory
  #include "xscugic.h"
                      ^
compilation terminated.
make: *** [src/xspi_intr_example.o] Error 1
21:48:13 **** Incremental Build of configuration Debug for project project2_bsp_xspi_polled_example_1 ****
make all 
make: Nothing to be done for `all'.
21:48:13 **** Incremental Build of configuration Debug for project project2_bsp_xspi_selftest_example_1 ****
make all 
make: Nothing to be done for `all'.
21:48:13 **** Incremental Build of configuration Debug for project project2_bsp_xspi_slave_polled_example_1 ****
make all 
make: Nothing to be done for `all'.
21:48:14 **** Incremental Build of configuration Debug for project project2_bsp_xuartlite_intr_tapp_example_1 ****
make all 
'Building file: ../src/xuartlite_intr_tapp_example.c'
'Invoking: MicroBlaze gcc compiler'
mb-gcc -Wall -O0 -g3 -c -fmessage-length=0 -MT"src/xuartlite_intr_tapp_example.o" -I../../project2_bsp/microblaze_0/include -mlittle-endian -mcpu=v10.0 -mxl-soft-mul -Wl,--no-relax -ffunction-sections -fdata-sections -MMD -MP -MF"src/xuartlite_intr_tapp_example.d" -MT"src/xuartlite_intr_tapp_example.o" -o "src/xuartlite_intr_tapp_example.o" "../src/xuartlite_intr_tapp_example.c"
../src/xuartlite_intr_tapp_example.c:71:21: fatal error: xscugic.h: No such file or directory
 #include "xscugic.h"
                     ^
compilation terminated.
make: *** [src/xuartlite_intr_tapp_example.o] Error 1
21:48:32 **** Auto Build of configuration Debug for project project2 ****
make all 
'Building file: ../src/main.c'
'Invoking: MicroBlaze gcc compiler'
mb-gcc -Wall -O0 -g3 -c -fmessage-length=0 -MT"src/main.o" -I../../project2_bsp/microblaze_0/include -mlittle-endian -mcpu=v10.0 -mxl-soft-mul -Wl,--no-relax -ffunction-sections -fdata-sections -MMD -MP -MF"src/main.d" -MT"src/main.o" -o "src/main.o" "../src/main.c"
'Finished building: ../src/main.c'
' '
'Building target: project2.elf'
'Invoking: MicroBlaze gcc linker'
mb-gcc -Wl,-T -Wl,../src/lscript.ld -L../../project2_bsp/microblaze_0/lib -mlittle-endian -mcpu=v10.0 -mxl-soft-mul -Wl,--no-relax -Wl,--gc-sections -o "project2.elf"  ./src/audio_fifo.o ./src/codec.o ./src/main.o ./src/platform.o ./src/serial_audio_lib.o   -Wl,--start-group,-lxil,-lgcc,-lc,--end-group
'Finished building target: project2.elf'
' '
'Invoking: MicroBlaze Print Size'
mb-size project2.elf  |tee "project2.elf.size"
   text	   data	    bss	    dec	    hex	filename
  33680	   1344	  19568	  54592	   d540	project2.elf
'Finished building: project2.elf.size'
' '
21:48:36 **** Incremental Build of configuration Debug for project project2 ****
make all 
make: Nothing to be done for `all'.
21:48:36 **** Incremental Build of configuration Debug for project project2_bsp_xspi_intr_example_1 ****
make all 
'Building file: ../src/xspi_intr_example.c'
'Invoking: MicroBlaze gcc compiler'
mb-gcc -Wall -O0 -g3 -c -fmessage-length=0 -MT"src/xspi_intr_example.o" -I../../project2_bsp/microblaze_0/include -mlittle-endian -mcpu=v10.0 -mxl-soft-mul -Wl,--no-relax -ffunction-sections -fdata-sections -MMD -MP -MF"src/xspi_intr_example.d" -MT"src/xspi_intr_example.o" -o "src/xspi_intr_example.o" "../src/xspi_intr_example.c"
../src/xspi_intr_example.c:77:22: fatal error: xscugic.h: No such file or directory
  #include "xscugic.h"
                      ^
compilation terminated.
make: *** [src/xspi_intr_example.o] Error 1
21:48:37 **** Incremental Build of configuration Debug for project project2_bsp_xspi_polled_example_1 ****
make all 
make: Nothing to be done for `all'.
21:48:37 **** Incremental Build of configuration Debug for project project2_bsp_xspi_selftest_example_1 ****
make all 
make: Nothing to be done for `all'.
21:48:37 **** Incremental Build of configuration Debug for project project2_bsp_xspi_slave_polled_example_1 ****
make all 
make: Nothing to be done for `all'.
21:48:38 **** Incremental Build of configuration Debug for project project2_bsp_xuartlite_intr_tapp_example_1 ****
make all 
'Building file: ../src/xuartlite_intr_tapp_example.c'
'Invoking: MicroBlaze gcc compiler'
mb-gcc -Wall -O0 -g3 -c -fmessage-length=0 -MT"src/xuartlite_intr_tapp_example.o" -I../../project2_bsp/microblaze_0/include -mlittle-endian -mcpu=v10.0 -mxl-soft-mul -Wl,--no-relax -ffunction-sections -fdata-sections -MMD -MP -MF"src/xuartlite_intr_tapp_example.d" -MT"src/xuartlite_intr_tapp_example.o" -o "src/xuartlite_intr_tapp_example.o" "../src/xuartlite_intr_tapp_example.c"
../src/xuartlite_intr_tapp_example.c:71:21: fatal error: xscugic.h: No such file or directory
 #include "xscugic.h"
                     ^
compilation terminated.
make: *** [src/xuartlite_intr_tapp_example.o] Error 1
21:51:11 **** Auto Build of configuration Debug for project project2 ****
make all 
'Building file: ../src/main.c'
'Invoking: MicroBlaze gcc compiler'
mb-gcc -Wall -O0 -g3 -c -fmessage-length=0 -MT"src/main.o" -I../../project2_bsp/microblaze_0/include -mlittle-endian -mcpu=v10.0 -mxl-soft-mul -Wl,--no-relax -ffunction-sections -fdata-sections -MMD -MP -MF"src/main.d" -MT"src/main.o" -o "src/main.o" "../src/main.c"
'Finished building: ../src/main.c'
' '
'Building target: project2.elf'
'Invoking: MicroBlaze gcc linker'
mb-gcc -Wl,-T -Wl,../src/lscript.ld -L../../project2_bsp/microblaze_0/lib -mlittle-endian -mcpu=v10.0 -mxl-soft-mul -Wl,--no-relax -Wl,--gc-sections -o "project2.elf"  ./src/audio_fifo.o ./src/codec.o ./src/main.o ./src/platform.o ./src/serial_audio_lib.o   -Wl,--start-group,-lxil,-lgcc,-lc,--end-group
'Finished building target: project2.elf'
' '
'Invoking: MicroBlaze Print Size'
mb-size project2.elf  |tee "project2.elf.size"
   text	   data	    bss	    dec	    hex	filename
  27640	   1312	  19560	  48512	   bd80	project2.elf
'Finished building: project2.elf.size'
' '
21:51:52 **** Incremental Build of configuration Debug for project project2 ****
make all 
make: Nothing to be done for `all'.
21:51:52 **** Incremental Build of configuration Debug for project project2_bsp_xspi_intr_example_1 ****
make all 
'Building file: ../src/xspi_intr_example.c'
'Invoking: MicroBlaze gcc compiler'
mb-gcc -Wall -O0 -g3 -c -fmessage-length=0 -MT"src/xspi_intr_example.o" -I../../project2_bsp/microblaze_0/include -mlittle-endian -mcpu=v10.0 -mxl-soft-mul -Wl,--no-relax -ffunction-sections -fdata-sections -MMD -MP -MF"src/xspi_intr_example.d" -MT"src/xspi_intr_example.o" -o "src/xspi_intr_example.o" "../src/xspi_intr_example.c"
../src/xspi_intr_example.c:77:22: fatal error: xscugic.h: No such file or directory
  #include "xscugic.h"
                      ^
compilation terminated.
make: *** [src/xspi_intr_example.o] Error 1
21:51:52 **** Incremental Build of configuration Debug for project project2_bsp_xspi_polled_example_1 ****
make all 
make: Nothing to be done for `all'.
21:51:53 **** Incremental Build of configuration Debug for project project2_bsp_xspi_selftest_example_1 ****
make all 
make: Nothing to be done for `all'.
21:51:53 **** Incremental Build of configuration Debug for project project2_bsp_xspi_slave_polled_example_1 ****
make all 
make: Nothing to be done for `all'.
21:51:53 **** Incremental Build of configuration Debug for project project2_bsp_xuartlite_intr_tapp_example_1 ****
make all 
'Building file: ../src/xuartlite_intr_tapp_example.c'
'Invoking: MicroBlaze gcc compiler'
mb-gcc -Wall -O0 -g3 -c -fmessage-length=0 -MT"src/xuartlite_intr_tapp_example.o" -I../../project2_bsp/microblaze_0/include -mlittle-endian -mcpu=v10.0 -mxl-soft-mul -Wl,--no-relax -ffunction-sections -fdata-sections -MMD -MP -MF"src/xuartlite_intr_tapp_example.d" -MT"src/xuartlite_intr_tapp_example.o" -o "src/xuartlite_intr_tapp_example.o" "../src/xuartlite_intr_tapp_example.c"
../src/xuartlite_intr_tapp_example.c:71:21: fatal error: xscugic.h: No such file or directory
 #include "xscugic.h"
                     ^
compilation terminated.
make: *** [src/xuartlite_intr_tapp_example.o] Error 1
21:52:28 **** Auto Build of configuration Debug for project project2 ****
make all 
'Building file: ../src/serial_audio_lib.c'
'Invoking: MicroBlaze gcc compiler'
mb-gcc -Wall -O0 -g3 -c -fmessage-length=0 -MT"src/serial_audio_lib.o" -I../../project2_bsp/microblaze_0/include -mlittle-endian -mcpu=v10.0 -mxl-soft-mul -Wl,--no-relax -ffunction-sections -fdata-sections -MMD -MP -MF"src/serial_audio_lib.d" -MT"src/serial_audio_lib.o" -o "src/serial_audio_lib.o" "../src/serial_audio_lib.c"
'Finished building: ../src/serial_audio_lib.c'
' '
'Building target: project2.elf'
'Invoking: MicroBlaze gcc linker'
mb-gcc -Wl,-T -Wl,../src/lscript.ld -L../../project2_bsp/microblaze_0/lib -mlittle-endian -mcpu=v10.0 -mxl-soft-mul -Wl,--no-relax -Wl,--gc-sections -o "project2.elf"  ./src/audio_fifo.o ./src/codec.o ./src/main.o ./src/platform.o ./src/serial_audio_lib.o   -Wl,--start-group,-lxil,-lgcc,-lc,--end-group
'Finished building target: project2.elf'
' '
'Invoking: MicroBlaze Print Size'
mb-size project2.elf  |tee "project2.elf.size"
   text	   data	    bss	    dec	    hex	filename
  27640	   1312	  19560	  48512	   bd80	project2.elf
'Finished building: project2.elf.size'
' '
21:53:31 **** Incremental Build of configuration Debug for project project2 ****
make all 
make: Nothing to be done for `all'.
21:53:32 **** Incremental Build of configuration Debug for project project2_bsp_xspi_intr_example_1 ****
make all 
'Building file: ../src/xspi_intr_example.c'
'Invoking: MicroBlaze gcc compiler'
mb-gcc -Wall -O0 -g3 -c -fmessage-length=0 -MT"src/xspi_intr_example.o" -I../../project2_bsp/microblaze_0/include -mlittle-endian -mcpu=v10.0 -mxl-soft-mul -Wl,--no-relax -ffunction-sections -fdata-sections -MMD -MP -MF"src/xspi_intr_example.d" -MT"src/xspi_intr_example.o" -o "src/xspi_intr_example.o" "../src/xspi_intr_example.c"
../src/xspi_intr_example.c:77:22: fatal error: xscugic.h: No such file or directory
  #include "xscugic.h"
                      ^
compilation terminated.
make: *** [src/xspi_intr_example.o] Error 1
21:53:32 **** Incremental Build of configuration Debug for project project2_bsp_xspi_polled_example_1 ****
make all 
make: Nothing to be done for `all'.
21:53:32 **** Incremental Build of configuration Debug for project project2_bsp_xspi_selftest_example_1 ****
make all 
make: Nothing to be done for `all'.
21:53:33 **** Incremental Build of configuration Debug for project project2_bsp_xspi_slave_polled_example_1 ****
make all 
make: Nothing to be done for `all'.
21:53:33 **** Incremental Build of configuration Debug for project project2_bsp_xuartlite_intr_tapp_example_1 ****
make all 
'Building file: ../src/xuartlite_intr_tapp_example.c'
'Invoking: MicroBlaze gcc compiler'
mb-gcc -Wall -O0 -g3 -c -fmessage-length=0 -MT"src/xuartlite_intr_tapp_example.o" -I../../project2_bsp/microblaze_0/include -mlittle-endian -mcpu=v10.0 -mxl-soft-mul -Wl,--no-relax -ffunction-sections -fdata-sections -MMD -MP -MF"src/xuartlite_intr_tapp_example.d" -MT"src/xuartlite_intr_tapp_example.o" -o "src/xuartlite_intr_tapp_example.o" "../src/xuartlite_intr_tapp_example.c"
../src/xuartlite_intr_tapp_example.c:71:21: fatal error: xscugic.h: No such file or directory
 #include "xscugic.h"
                     ^
compilation terminated.
make: *** [src/xuartlite_intr_tapp_example.o] Error 1
21:54:06 **** Auto Build of configuration Debug for project project2 ****
make all 
'Building file: ../src/serial_audio_lib.c'
'Invoking: MicroBlaze gcc compiler'
mb-gcc -Wall -O0 -g3 -c -fmessage-length=0 -MT"src/serial_audio_lib.o" -I../../project2_bsp/microblaze_0/include -mlittle-endian -mcpu=v10.0 -mxl-soft-mul -Wl,--no-relax -ffunction-sections -fdata-sections -MMD -MP -MF"src/serial_audio_lib.d" -MT"src/serial_audio_lib.o" -o "src/serial_audio_lib.o" "../src/serial_audio_lib.c"
'Finished building: ../src/serial_audio_lib.c'
' '
'Building target: project2.elf'
'Invoking: MicroBlaze gcc linker'
mb-gcc -Wl,-T -Wl,../src/lscript.ld -L../../project2_bsp/microblaze_0/lib -mlittle-endian -mcpu=v10.0 -mxl-soft-mul -Wl,--no-relax -Wl,--gc-sections -o "project2.elf"  ./src/audio_fifo.o ./src/codec.o ./src/main.o ./src/platform.o ./src/serial_audio_lib.o   -Wl,--start-group,-lxil,-lgcc,-lc,--end-group
'Finished building target: project2.elf'
' '
'Invoking: MicroBlaze Print Size'
mb-size project2.elf  |tee "project2.elf.size"
   text	   data	    bss	    dec	    hex	filename
  27388	   1312	  19564	  48264	   bc88	project2.elf
'Finished building: project2.elf.size'
' '
