21:54:06 **** Auto Build of configuration Debug for project project2 ****
make all 
'Building file: ../src/serial_audio_lib.c'
'Invoking: MicroBlaze gcc compiler'
mb-gcc -Wall -O0 -g3 -c -fmessage-length=0 -MT"src/serial_audio_lib.o" -I../../project2_bsp/microblaze_0/include -mlittle-endian -mcpu=v10.0 -mxl-soft-mul -Wl,--no-relax -ffunction-sections -fdata-sections -MMD -MP -MF"src/serial_audio_lib.d" -MT"src/serial_audio_lib.o" -o "src/serial_audio_lib.o" "../src/serial_audio_lib.c"
'Finished building: ../src/serial_audio_lib.c'
' '
'Building target: project2.elf'
'Invoking: MicroBlaze gcc linker'
mb-gcc -Wl,-T -Wl,../src/lscript.ld -L../../project2_bsp/microblaze_0/lib -mlittle-endian -mcpu=v10.0 -mxl-soft-mul -Wl,--no-relax -Wl,--gc-sections -o "project2.elf"  ./src/audio_fifo.o ./src/codec.o ./src/main.o ./src/platform.o ./src/serial_audio_lib.o   -Wl,--start-group,-lxil,-lgcc,-lc,--end-group
'Finished building target: project2.elf'
' '
'Invoking: MicroBlaze Print Size'
mb-size project2.elf  |tee "project2.elf.size"
   text	   data	    bss	    dec	    hex	filename
  27388	   1312	  19564	  48264	   bc88	project2.elf
'Finished building: project2.elf.size'
' '

21:54:06 Build Finished (took 541ms)

